[    0.000000] Linux version 6.7.0-thor_kernel (root@lfs) (gcc (GCC) 13.2.0, GNU ld (GNU Binutils) 2.41) #2 SMP PREEMPT_DYNAMIC Fri Feb  2 18:06:21 CET 2024
[    0.000000] Command line: BOOT_IMAGE=/vmlinuz-6.4.12-lfs-12.0-mberengu root=/dev/vda4 ro
[    0.000000] BIOS-provided physical RAM map:
[    0.000000] BIOS-e820: [mem 0x0000000000000000-0x000000000009fbff] usable
[    0.000000] BIOS-e820: [mem 0x000000000009fc00-0x000000000009ffff] reserved
[    0.000000] BIOS-e820: [mem 0x00000000000f0000-0x00000000000fffff] reserved
[    0.000000] BIOS-e820: [mem 0x0000000000100000-0x000000007ffdafff] usable
[    0.000000] BIOS-e820: [mem 0x000000007ffdb000-0x000000007fffffff] reserved
[    0.000000] BIOS-e820: [mem 0x00000000b0000000-0x00000000bfffffff] reserved
[    0.000000] BIOS-e820: [mem 0x00000000fed1c000-0x00000000fed1ffff] reserved
[    0.000000] BIOS-e820: [mem 0x00000000feffc000-0x00000000feffffff] reserved
[    0.000000] BIOS-e820: [mem 0x00000000fffc0000-0x00000000ffffffff] reserved
[    0.000000] BIOS-e820: [mem 0x0000000100000000-0x000000027fffffff] usable
[    0.000000] NX (Execute Disable) protection: active
[    0.000000] APIC: Static calls initialized
[    0.000000] SMBIOS 2.8 present.
[    0.000000] DMI: QEMU Standard PC (Q35 + ICH9, 2009), BIOS 1.16.0-20220807_005459-localhost 04/01/2014
[    0.000000] Hypervisor detected: KVM
[    0.000000] kvm-clock: Using msrs 4b564d01 and 4b564d00
[    0.000000] kvm-clock: using sched offset of 2876206734645 cycles
[    0.000004] clocksource: kvm-clock: mask: 0xffffffffffffffff max_cycles: 0x1cd42e4dffb, max_idle_ns: 881590591483 ns
[    0.000012] tsc: Detected 2711.998 MHz processor
[    0.000759] e820: update [mem 0x00000000-0x00000fff] usable ==> reserved
[    0.000762] e820: remove [mem 0x000a0000-0x000fffff] usable
[    0.000766] last_pfn = 0x280000 max_arch_pfn = 0x400000000
[    0.000814] MTRR map: 4 entries (3 fixed + 1 variable; max 19), built from 8 variable MTRRs
[    0.000820] x86/PAT: Configuration [0-7]: WB  WC  UC- UC  WB  WP  UC- WT  
[    0.000881] last_pfn = 0x7ffdb max_arch_pfn = 0x400000000
[    0.008330] found SMP MP-table at [mem 0x000f5b40-0x000f5b4f]
[    0.008365] Using GB pages for direct mapping
[    0.008498] ACPI: Early table checksum verification disabled
[    0.008516] ACPI: RSDP 0x00000000000F5B00 000014 (v00 BOCHS )
[    0.008526] ACPI: RSDT 0x000000007FFE2A02 000034 (v01 BOCHS  BXPC     00000001 BXPC 00000001)
[    0.008539] ACPI: FACP 0x000000007FFE281A 0000F4 (v03 BOCHS  BXPC     00000001 BXPC 00000001)
[    0.008547] ACPI: DSDT 0x000000007FFDFDC0 002A5A (v01 BOCHS  BXPC     00000001 BXPC 00000001)
[    0.008551] ACPI: FACS 0x000000007FFDFD80 000040
[    0.008554] ACPI: APIC 0x000000007FFE290E 000090 (v01 BOCHS  BXPC     00000001 BXPC 00000001)
[    0.008557] ACPI: MCFG 0x000000007FFE299E 00003C (v01 BOCHS  BXPC     00000001 BXPC 00000001)
[    0.008560] ACPI: WAET 0x000000007FFE29DA 000028 (v01 BOCHS  BXPC     00000001 BXPC 00000001)
[    0.008562] ACPI: Reserving FACP table memory at [mem 0x7ffe281a-0x7ffe290d]
[    0.008564] ACPI: Reserving DSDT table memory at [mem 0x7ffdfdc0-0x7ffe2819]
[    0.008564] ACPI: Reserving FACS table memory at [mem 0x7ffdfd80-0x7ffdfdbf]
[    0.008565] ACPI: Reserving APIC table memory at [mem 0x7ffe290e-0x7ffe299d]
[    0.008566] ACPI: Reserving MCFG table memory at [mem 0x7ffe299e-0x7ffe29d9]
[    0.008566] ACPI: Reserving WAET table memory at [mem 0x7ffe29da-0x7ffe2a01]
[    0.008968] No NUMA configuration found
[    0.008969] Faking a node at [mem 0x0000000000000000-0x000000027fffffff]
[    0.008974] NODE_DATA(0) allocated [mem 0x27fffc000-0x27fffffff]
[    0.009007] Zone ranges:
[    0.009007]   DMA      [mem 0x0000000000001000-0x0000000000ffffff]
[    0.009009]   DMA32    [mem 0x0000000001000000-0x00000000ffffffff]
[    0.009010]   Normal   [mem 0x0000000100000000-0x000000027fffffff]
[    0.009011] Movable zone start for each node
[    0.009012] Early memory node ranges
[    0.009012]   node   0: [mem 0x0000000000001000-0x000000000009efff]
[    0.009014]   node   0: [mem 0x0000000000100000-0x000000007ffdafff]
[    0.009015]   node   0: [mem 0x0000000100000000-0x000000027fffffff]
[    0.009016] Initmem setup node 0 [mem 0x0000000000001000-0x000000027fffffff]
[    0.009023] On node 0, zone DMA: 1 pages in unavailable ranges
[    0.009043] On node 0, zone DMA: 97 pages in unavailable ranges
[    0.020349] On node 0, zone Normal: 37 pages in unavailable ranges
[    0.023380] ACPI: PM-Timer IO Port: 0x608
[    0.023396] ACPI: LAPIC_NMI (acpi_id[0xff] dfl dfl lint[0x1])
[    0.023443] IOAPIC[0]: apic_id 0, version 17, address 0xfec00000, GSI 0-23
[    0.023447] ACPI: INT_SRC_OVR (bus 0 bus_irq 0 global_irq 2 dfl dfl)
[    0.023449] ACPI: INT_SRC_OVR (bus 0 bus_irq 5 global_irq 5 high level)
[    0.023450] ACPI: INT_SRC_OVR (bus 0 bus_irq 9 global_irq 9 high level)
[    0.023456] ACPI: INT_SRC_OVR (bus 0 bus_irq 10 global_irq 10 high level)
[    0.023457] ACPI: INT_SRC_OVR (bus 0 bus_irq 11 global_irq 11 high level)
[    0.023462] ACPI: Using ACPI (MADT) for SMP configuration information
[    0.023464] TSC deadline timer available
[    0.023464] smpboot: Allowing 4 CPUs, 0 hotplug CPUs
[    0.023485] kvm-guest: APIC: eoi() replaced with kvm_guest_apic_eoi_write()
[    0.023502] kvm-guest: KVM setup pv remote TLB flush
[    0.023508] kvm-guest: setup PV sched yield
[    0.023527] PM: hibernation: Registered nosave memory: [mem 0x00000000-0x00000fff]
[    0.023529] PM: hibernation: Registered nosave memory: [mem 0x0009f000-0x0009ffff]
[    0.023531] PM: hibernation: Registered nosave memory: [mem 0x000a0000-0x000effff]
[    0.023532] PM: hibernation: Registered nosave memory: [mem 0x000f0000-0x000fffff]
[    0.023533] PM: hibernation: Registered nosave memory: [mem 0x7ffdb000-0x7fffffff]
[    0.023534] PM: hibernation: Registered nosave memory: [mem 0x80000000-0xafffffff]
[    0.023535] PM: hibernation: Registered nosave memory: [mem 0xb0000000-0xbfffffff]
[    0.023536] PM: hibernation: Registered nosave memory: [mem 0xc0000000-0xfed1bfff]
[    0.023537] PM: hibernation: Registered nosave memory: [mem 0xfed1c000-0xfed1ffff]
[    0.023538] PM: hibernation: Registered nosave memory: [mem 0xfed20000-0xfeffbfff]
[    0.023539] PM: hibernation: Registered nosave memory: [mem 0xfeffc000-0xfeffffff]
[    0.023539] PM: hibernation: Registered nosave memory: [mem 0xff000000-0xfffbffff]
[    0.023541] PM: hibernation: Registered nosave memory: [mem 0xfffc0000-0xffffffff]
[    0.023542] [mem 0xc0000000-0xfed1bfff] available for PCI devices
[    0.023546] Booting paravirtualized kernel on KVM
[    0.023548] clocksource: refined-jiffies: mask: 0xffffffff max_cycles: 0xffffffff, max_idle_ns: 1910969940391419 ns
[    0.029710] setup_percpu: NR_CPUS:64 nr_cpumask_bits:4 nr_cpu_ids:4 nr_node_ids:1
[    0.029983] percpu: Embedded 54 pages/cpu s183272 r8192 d29720 u524288
[    0.029990] pcpu-alloc: s183272 r8192 d29720 u524288 alloc=1*2097152
[    0.029992] pcpu-alloc: [0] 0 1 2 3 
[    0.030018] Kernel command line: BOOT_IMAGE=/vmlinuz-6.4.12-lfs-12.0-mberengu root=/dev/vda4 ro
[    0.030042] Unknown kernel command line parameters "BOOT_IMAGE=/vmlinuz-6.4.12-lfs-12.0-mberengu", will be passed to user space.
[    0.030084] random: crng init done
[    0.030766] Dentry cache hash table entries: 1048576 (order: 11, 8388608 bytes, linear)
[    0.031291] Inode-cache hash table entries: 524288 (order: 10, 4194304 bytes, linear)
[    0.031494] Fallback order for Node 0: 0 
[    0.031499] Built 1 zonelists, mobility grouping on.  Total pages: 2064091
[    0.031513] Policy zone: Normal
[    0.031514] mem auto-init: stack:all(zero), heap alloc:off, heap free:off
[    0.031544] software IO TLB: area num 4.
[    0.060175] Memory: 8133480K/8388068K available (20480K kernel code, 2876K rwdata, 7528K rodata, 2824K init, 2644K bss, 254328K reserved, 0K cma-reserved)
[    0.060235] SLUB: HWalign=64, Order=0-3, MinObjects=0, CPUs=4, Nodes=1
[    0.060250] Kernel/User page tables isolation: enabled
[    0.062790] Dynamic Preempt: voluntary
[    0.062834] rcu: Preemptible hierarchical RCU implementation.
[    0.062834] rcu: 	RCU event tracing is enabled.
[    0.062835] rcu: 	RCU restricting CPUs from NR_CPUS=64 to nr_cpu_ids=4.
[    0.062836] 	Trampoline variant of Tasks RCU enabled.
[    0.062837] rcu: RCU calculated value of scheduler-enlistment delay is 100 jiffies.
[    0.062838] rcu: Adjusting geometry for rcu_fanout_leaf=16, nr_cpu_ids=4
[    0.064483] NR_IRQS: 4352, nr_irqs: 456, preallocated irqs: 16
[    0.064697] rcu: srcu_init: Setting srcu_struct sizes based on contention.
[    0.077750] Console: colour VGA+ 80x25
[    0.077758] printk: legacy console [tty0] enabled
[    0.129947] ACPI: Core revision 20230628
[    0.130292] APIC: Switch to symmetric I/O mode setup
[    0.130950] x2apic enabled
[    0.131691] APIC: Switched APIC routing to: physical x2apic
[    0.132373] kvm-guest: APIC: send_IPI_mask() replaced with kvm_send_ipi_mask()
[    0.132935] kvm-guest: APIC: send_IPI_mask_allbutself() replaced with kvm_send_ipi_mask_allbutself()
[    0.133495] kvm-guest: setup PV IPIs
[    0.135076] clocksource: tsc-early: mask: 0xffffffffffffffff max_cycles: 0x27178451938, max_idle_ns: 440795251172 ns
[    0.135841] Calibrating delay loop (skipped) preset value.. 5423.99 BogoMIPS (lpj=2711998)
[    0.136476] x86/cpu: User Mode Instruction Prevention (UMIP) activated
[    0.136838] Last level iTLB entries: 4KB 0, 2MB 0, 4MB 0
[    0.136838] Last level dTLB entries: 4KB 0, 2MB 0, 4MB 0, 1GB 0
[    0.136838] Spectre V1 : Mitigation: usercopy/swapgs barriers and __user pointer sanitization
[    0.136838] Spectre V2 : Mitigation: IBRS
[    0.136838] Spectre V2 : Spectre v2 / SpectreRSB mitigation: Filling RSB on context switch
[    0.136838] Spectre V2 : Spectre v2 / SpectreRSB : Filling RSB on VMEXIT
[    0.136838] RETBleed: Mitigation: IBRS
[    0.136838] Spectre V2 : mitigation: Enabling conditional Indirect Branch Prediction Barrier
[    0.136838] Speculative Store Bypass: Mitigation: Speculative Store Bypass disabled via prctl
[    0.136838] MDS: Mitigation: Clear CPU buffers
[    0.136838] MMIO Stale Data: Vulnerable: Clear CPU buffers attempted, no microcode
[    0.136838] SRBDS: Unknown: Dependent on hypervisor status
[    0.136838] GDS: Unknown: Dependent on hypervisor status
[    0.136838] x86/fpu: Supporting XSAVE feature 0x001: 'x87 floating point registers'
[    0.136838] x86/fpu: Supporting XSAVE feature 0x002: 'SSE registers'
[    0.136838] x86/fpu: Supporting XSAVE feature 0x004: 'AVX registers'
[    0.136838] x86/fpu: Supporting XSAVE feature 0x008: 'MPX bounds registers'
[    0.136838] x86/fpu: Supporting XSAVE feature 0x010: 'MPX CSR'
[    0.136838] x86/fpu: xstate_offset[2]:  576, xstate_sizes[2]:  256
[    0.136838] x86/fpu: xstate_offset[3]:  832, xstate_sizes[3]:   64
[    0.136838] x86/fpu: xstate_offset[4]:  896, xstate_sizes[4]:   64
[    0.136838] x86/fpu: Enabled xstate features 0x1f, context size is 960 bytes, using 'compacted' format.
[    0.136838] Freeing SMP alternatives memory: 48K
[    0.136838] pid_max: default: 32768 minimum: 301
[    0.136838] LSM: initializing lsm=capability,selinux,integrity
[    0.136838] SELinux:  Initializing.
[    0.136838] Mount-cache hash table entries: 16384 (order: 5, 131072 bytes, linear)
[    0.136838] Mountpoint-cache hash table entries: 16384 (order: 5, 131072 bytes, linear)
[    0.136838] smpboot: CPU0: Intel(R) Core(TM) i7-6820HK CPU @ 2.70GHz (family: 0x6, model: 0x5e, stepping: 0x3)
[    0.136838] RCU Tasks: Setting shift to 2 and lim to 1 rcu_task_cb_adjust=1.
[    0.136856] Performance Events: Skylake events, full-width counters, Intel PMU driver.
[    0.137345] ... version:                2
[    0.137676] ... bit width:              48
[    0.137841] ... generic registers:      4
[    0.138110] ... value mask:             0000ffffffffffff
[    0.138412] ... max period:             00007fffffffffff
[    0.138714] ... fixed-purpose events:   3
[    0.138840] ... event mask:             000000070000000f
[    0.139357] signal: max sigframe size: 2032
[    0.139652] rcu: Hierarchical SRCU implementation.
[    0.139840] rcu: 	Max phase no-delay instances is 400.
[    0.140291] smp: Bringing up secondary CPUs ...
[    0.140652] smpboot: x86: Booting SMP configuration:
[    0.140842] .... node  #0, CPUs:      #1 #2 #3
[    0.072133] smpboot: CPU 1 Converting physical 0 to logical die 1
[    0.072133] smpboot: CPU 2 Converting physical 0 to logical die 2
[    0.072133] smpboot: CPU 3 Converting physical 0 to logical die 3
[    0.143893] smp: Brought up 1 node, 4 CPUs
[    0.145459] smpboot: Max logical packages: 4
[    0.145798] smpboot: Total of 4 processors activated (21695.98 BogoMIPS)
[    0.146157] devtmpfs: initialized
[    0.147035] clocksource: jiffies: mask: 0xffffffff max_cycles: 0xffffffff, max_idle_ns: 1911260446275000 ns
[    0.147847] futex hash table entries: 1024 (order: 4, 65536 bytes, linear)
[    0.148517] PM: RTC time: 17:31:26, date: 2024-02-02
[    0.149010] NET: Registered PF_NETLINK/PF_ROUTE protocol family
[    0.149812] audit: initializing netlink subsys (disabled)
[    0.149894] audit: type=2000 audit(1706895086.031:1): state=initialized audit_enabled=0 res=1
[    0.149931] thermal_sys: Registered thermal governor 'step_wise'
[    0.150402] thermal_sys: Registered thermal governor 'user_space'
[    0.150859] cpuidle: using governor menu
[    0.152028] PCI: MMCONFIG for domain 0000 [bus 00-ff] at [mem 0xb0000000-0xbfffffff] (base 0xb0000000)
[    0.152775] PCI: MMCONFIG at [mem 0xb0000000-0xbfffffff] reserved as E820 entry
[    0.152852] PCI: Using configuration type 1 for base access
[    0.153595] kprobes: kprobe jump-optimization is enabled. All kprobes are optimized if possible.
[    0.157170] HugeTLB: registered 2.00 MiB page size, pre-allocated 0 pages
[    0.157585] HugeTLB: 28 KiB vmemmap can be freed for a 2.00 MiB page
[    0.158053] ACPI: Added _OSI(Module Device)
[    0.158334] ACPI: Added _OSI(Processor Device)
[    0.158615] ACPI: Added _OSI(3.0 _SCP Extensions)
[    0.158841] ACPI: Added _OSI(Processor Aggregator Device)
[    0.160307] ACPI: 1 ACPI AML tables successfully acquired and loaded
[    0.163123] ACPI: _OSC evaluation for CPUs failed, trying _PDC
[    0.163123] ACPI: Interpreter enabled
[    0.163231] ACPI: PM: (supports S0 S5)
[    0.163558] ACPI: Using IOAPIC for interrupt routing
[    0.163864] PCI: Using host bridge windows from ACPI; if necessary, use "pci=nocrs" and report a bug
[    0.164401] PCI: Using E820 reservations for host bridge windows
[    0.164885] ACPI: Enabled 2 GPEs in block 00 to 3F
[    0.167532] ACPI: PCI Root Bridge [PCI0] (domain 0000 [bus 00-ff])
[    0.167862] acpi PNP0A08:00: _OSC: OS supports [ExtendedConfig ASPM ClockPM Segments MSI HPX-Type3]
[    0.168487] acpi PNP0A08:00: _OSC: platform does not support [LTR]
[    0.168901] acpi PNP0A08:00: _OSC: OS now controls [PME PCIeCapability]
[    0.169425] PCI host bridge to bus 0000:00
[    0.169762] pci_bus 0000:00: root bus resource [io  0x0000-0x0cf7 window]
[    0.169842] pci_bus 0000:00: root bus resource [io  0x0d00-0xffff window]
[    0.170291] pci_bus 0000:00: root bus resource [mem 0x000a0000-0x000bffff window]
[    0.170794] pci_bus 0000:00: root bus resource [mem 0x80000000-0xafffffff window]
[    0.171841] pci_bus 0000:00: root bus resource [mem 0xc0000000-0xfebfffff window]
[    0.172842] pci_bus 0000:00: root bus resource [mem 0x280000000-0xa7fffffff window]
[    0.173432] pci_bus 0000:00: root bus resource [bus 00-ff]
[    0.173843] pci 0000:00:00.0: [8086:29c0] type 00 class 0x060000
[    0.174995] pci 0000:00:01.0: [1af4:1050] type 00 class 0x030000
[    0.179860] pci 0000:00:01.0: reg 0x10: [mem 0xfa800000-0xfaffffff pref]
[    0.188856] pci 0000:00:01.0: reg 0x18: [mem 0xfcc00000-0xfcc03fff 64bit pref]
[    0.192854] pci 0000:00:01.0: reg 0x20: [mem 0xfea14000-0xfea14fff]
[    0.200866] pci 0000:00:01.0: reg 0x30: [mem 0xfea00000-0xfea0ffff pref]
[    0.202961] pci 0000:00:01.0: Video device with shadowed ROM at [mem 0x000c0000-0x000dffff]
[    0.204770] pci 0000:00:02.0: [1b36:000c] type 01 class 0x060400
[    0.208843] pci 0000:00:02.0: reg 0x10: [mem 0xfea15000-0xfea15fff]
[    0.216064] pci 0000:00:02.1: [1b36:000c] type 01 class 0x060400
[    0.220385] pci 0000:00:02.1: reg 0x10: [mem 0xfea16000-0xfea16fff]
[    0.224822] pci 0000:00:02.2: [1b36:000c] type 01 class 0x060400
[    0.227842] pci 0000:00:02.2: reg 0x10: [mem 0xfea17000-0xfea17fff]
[    0.235349] pci 0000:00:02.3: [1b36:000c] type 01 class 0x060400
[    0.237606] pci 0000:00:02.3: reg 0x10: [mem 0xfea18000-0xfea18fff]
[    0.246042] pci 0000:00:02.4: [1b36:000c] type 01 class 0x060400
[    0.247843] pci 0000:00:02.4: reg 0x10: [mem 0xfea19000-0xfea19fff]
[    0.253322] pci 0000:00:02.5: [1b36:000c] type 01 class 0x060400
[    0.257411] pci 0000:00:02.5: reg 0x10: [mem 0xfea1a000-0xfea1afff]
[    0.263262] pci 0000:00:02.6: [1b36:000c] type 01 class 0x060400
[    0.268425] pci 0000:00:02.6: reg 0x10: [mem 0xfea1b000-0xfea1bfff]
[    0.272720] pci 0000:00:02.7: [1b36:000c] type 01 class 0x060400
[    0.274843] pci 0000:00:02.7: reg 0x10: [mem 0xfea1c000-0xfea1cfff]
[    0.284967] pci 0000:00:03.0: [1b36:000c] type 01 class 0x060400
[    0.286841] pci 0000:00:03.0: reg 0x10: [mem 0xfea1d000-0xfea1dfff]
[    0.290934] pci 0000:00:03.1: [1b36:000c] type 01 class 0x060400
[    0.294433] pci 0000:00:03.1: reg 0x10: [mem 0xfea1e000-0xfea1efff]
[    0.298347] pci 0000:00:03.2: [1b36:000c] type 01 class 0x060400
[    0.301806] pci 0000:00:03.2: reg 0x10: [mem 0xfea1f000-0xfea1ffff]
[    0.308116] pci 0000:00:03.3: [1b36:000c] type 01 class 0x060400
[    0.310842] pci 0000:00:03.3: reg 0x10: [mem 0xfea20000-0xfea20fff]
[    0.316948] pci 0000:00:03.4: [1b36:000c] type 01 class 0x060400
[    0.319859] pci 0000:00:03.4: reg 0x10: [mem 0xfea21000-0xfea21fff]
[    0.324297] pci 0000:00:03.5: [1b36:000c] type 01 class 0x060400
[    0.325841] pci 0000:00:03.5: reg 0x10: [mem 0xfea22000-0xfea22fff]
[    0.332946] pci 0000:00:1b.0: [8086:293e] type 00 class 0x040300
[    0.334110] pci 0000:00:1b.0: reg 0x10: [mem 0xfea10000-0xfea13fff]
[    0.339299] pci 0000:00:1f.0: [8086:2918] type 00 class 0x060100
[    0.342449] pci 0000:00:1f.0: quirk: [io  0x0600-0x067f] claimed by ICH6 ACPI/GPIO/TCO
[    0.343134] pci 0000:00:1f.2: [8086:2922] type 00 class 0x010601
[    0.348349] pci 0000:00:1f.2: reg 0x20: [io  0xc040-0xc05f]
[    0.350842] pci 0000:00:1f.2: reg 0x24: [mem 0xfea23000-0xfea23fff]
[    0.356257] pci 0000:00:1f.3: [8086:2930] type 00 class 0x0c0500
[    0.359111] pci 0000:00:1f.3: reg 0x20: [io  0x0700-0x073f]
[    0.361796] pci 0000:01:00.0: [1af4:1041] type 00 class 0x020000
[    0.364842] pci 0000:01:00.0: reg 0x14: [mem 0xfe840000-0xfe840fff]
[    0.368842] pci 0000:01:00.0: reg 0x20: [mem 0xfca00000-0xfca03fff 64bit pref]
[    0.370613] pci 0000:01:00.0: reg 0x30: [mem 0xfe800000-0xfe83ffff pref]
[    0.372610] pci 0000:00:02.0: PCI bridge to [bus 01]
[    0.373878] pci 0000:00:02.0:   bridge window [mem 0xfe800000-0xfe9fffff]
[    0.374287] pci 0000:00:02.0:   bridge window [mem 0xfca00000-0xfcbfffff 64bit pref]
[    0.375426] pci 0000:02:00.0: [1b36:000d] type 00 class 0x0c0330
[    0.379654] pci 0000:02:00.0: reg 0x10: [mem 0xfe600000-0xfe603fff 64bit]
[    0.384308] pci 0000:00:02.1: PCI bridge to [bus 02]
[    0.384794] pci 0000:00:02.1:   bridge window [mem 0xfe600000-0xfe7fffff]
[    0.384892] pci 0000:00:02.1:   bridge window [mem 0xfc800000-0xfc9fffff 64bit pref]
[    0.387271] pci 0000:03:00.0: [1af4:1043] type 00 class 0x078000
[    0.390365] pci 0000:03:00.0: reg 0x14: [mem 0xfe400000-0xfe400fff]
[    0.394570] pci 0000:03:00.0: reg 0x20: [mem 0xfc600000-0xfc603fff 64bit pref]
[    0.397434] pci 0000:00:02.2: PCI bridge to [bus 03]
[    0.397769] pci 0000:00:02.2:   bridge window [mem 0xfe400000-0xfe5fffff]
[    0.398879] pci 0000:00:02.2:   bridge window [mem 0xfc600000-0xfc7fffff 64bit pref]
[    0.400791] pci 0000:04:00.0: [1af4:1042] type 00 class 0x010000
[    0.404427] pci 0000:04:00.0: reg 0x14: [mem 0xfe200000-0xfe200fff]
[    0.409844] pci 0000:04:00.0: reg 0x20: [mem 0xfc400000-0xfc403fff 64bit pref]
[    0.414482] pci 0000:00:02.3: PCI bridge to [bus 04]
[    0.414868] pci 0000:00:02.3:   bridge window [mem 0xfe200000-0xfe3fffff]
[    0.415379] pci 0000:00:02.3:   bridge window [mem 0xfc400000-0xfc5fffff 64bit pref]
[    0.416764] pci 0000:05:00.0: [1af4:1045] type 00 class 0x00ff00
[    0.419737] pci 0000:05:00.0: reg 0x20: [mem 0xfc200000-0xfc203fff 64bit pref]
[    0.424214] pci 0000:00:02.4: PCI bridge to [bus 05]
[    0.424863] pci 0000:00:02.4:   bridge window [mem 0xfe000000-0xfe1fffff]
[    0.425387] pci 0000:00:02.4:   bridge window [mem 0xfc200000-0xfc3fffff 64bit pref]
[    0.427093] pci 0000:06:00.0: [1af4:1044] type 00 class 0x00ff00
[    0.430576] pci 0000:06:00.0: reg 0x14: [mem 0xfde00000-0xfde00fff]
[    0.435769] pci 0000:06:00.0: reg 0x20: [mem 0xfc000000-0xfc003fff 64bit pref]
[    0.440450] pci 0000:00:02.5: PCI bridge to [bus 06]
[    0.440830] pci 0000:00:02.5:   bridge window [mem 0xfde00000-0xfdffffff]
[    0.440888] pci 0000:00:02.5:   bridge window [mem 0xfc000000-0xfc1fffff 64bit pref]
[    0.442696] pci 0000:00:02.6: PCI bridge to [bus 07]
[    0.443880] pci 0000:00:02.6:   bridge window [mem 0xfdc00000-0xfddfffff]
[    0.444337] pci 0000:00:02.6:   bridge window [mem 0xfbe00000-0xfbffffff 64bit pref]
[    0.449604] pci 0000:00:02.7: PCI bridge to [bus 08]
[    0.449877] pci 0000:00:02.7:   bridge window [mem 0xfda00000-0xfdbfffff]
[    0.450274] pci 0000:00:02.7:   bridge window [mem 0xfbc00000-0xfbdfffff 64bit pref]
[    0.451328] pci 0000:00:03.0: PCI bridge to [bus 09]
[    0.451741] pci 0000:00:03.0:   bridge window [mem 0xfd800000-0xfd9fffff]
[    0.452892] pci 0000:00:03.0:   bridge window [mem 0xfba00000-0xfbbfffff 64bit pref]
[    0.454709] pci 0000:00:03.1: PCI bridge to [bus 0a]
[    0.454877] pci 0000:00:03.1:   bridge window [mem 0xfd600000-0xfd7fffff]
[    0.455255] pci 0000:00:03.1:   bridge window [mem 0xfb800000-0xfb9fffff 64bit pref]
[    0.456292] pci 0000:00:03.2: PCI bridge to [bus 0b]
[    0.456654] pci 0000:00:03.2:   bridge window [mem 0xfd400000-0xfd5fffff]
[    0.456875] pci 0000:00:03.2:   bridge window [mem 0xfb600000-0xfb7fffff 64bit pref]
[    0.458344] pci 0000:00:03.3: PCI bridge to [bus 0c]
[    0.458702] pci 0000:00:03.3:   bridge window [mem 0xfd200000-0xfd3fffff]
[    0.458878] pci 0000:00:03.3:   bridge window [mem 0xfb400000-0xfb5fffff 64bit pref]
[    0.460038] pci 0000:00:03.4: PCI bridge to [bus 0d]
[    0.460392] pci 0000:00:03.4:   bridge window [mem 0xfd000000-0xfd1fffff]
[    0.460786] pci 0000:00:03.4:   bridge window [mem 0xfb200000-0xfb3fffff 64bit pref]
[    0.462597] pci 0000:00:03.5: PCI bridge to [bus 0e]
[    0.462875] pci 0000:00:03.5:   bridge window [mem 0xfce00000-0xfcffffff]
[    0.463257] pci 0000:00:03.5:   bridge window [mem 0xfb000000-0xfb1fffff 64bit pref]
[    0.479361] ACPI: PCI: Interrupt link LNKA configured for IRQ 10
[    0.479818] ACPI: PCI: Interrupt link LNKB configured for IRQ 10
[    0.479916] ACPI: PCI: Interrupt link LNKC configured for IRQ 11
[    0.480368] ACPI: PCI: Interrupt link LNKD configured for IRQ 11
[    0.480764] ACPI: PCI: Interrupt link LNKE configured for IRQ 10
[    0.480934] ACPI: PCI: Interrupt link LNKF configured for IRQ 10
[    0.481342] ACPI: PCI: Interrupt link LNKG configured for IRQ 11
[    0.481734] ACPI: PCI: Interrupt link LNKH configured for IRQ 11
[    0.482873] ACPI: PCI: Interrupt link GSIA configured for IRQ 16
[    0.483205] ACPI: PCI: Interrupt link GSIB configured for IRQ 17
[    0.483592] ACPI: PCI: Interrupt link GSIC configured for IRQ 18
[    0.483860] ACPI: PCI: Interrupt link GSID configured for IRQ 19
[    0.484247] ACPI: PCI: Interrupt link GSIE configured for IRQ 20
[    0.484645] ACPI: PCI: Interrupt link GSIF configured for IRQ 21
[    0.484846] ACPI: PCI: Interrupt link GSIG configured for IRQ 22
[    0.485173] ACPI: PCI: Interrupt link GSIH configured for IRQ 23
[    0.485817] iommu: Default domain type: Translated
[    0.485841] iommu: DMA domain TLB invalidation policy: lazy mode
[    0.486368] SCSI subsystem initialized
[    0.486862] libata version 3.00 loaded.
[    0.486862] ACPI: bus type USB registered
[    0.487126] usbcore: registered new interface driver usbfs
[    0.488856] usbcore: registered new interface driver hub
[    0.489170] usbcore: registered new device driver usb
[    0.489482] pps_core: LinuxPPS API ver. 1 registered
[    0.489831] pps_core: Software ver. 5.3.6 - Copyright 2005-2007 Rodolfo Giometti <giometti@linux.it>
[    0.489847] PTP clock support registered
[    0.490939] Advanced Linux Sound Architecture Driver Initialized.
[    0.492380] NetLabel: Initializing
[    0.492771] NetLabel:  domain hash size = 128
[    0.492841] NetLabel:  protocols = UNLABELED CIPSOv4 CALIPSO
[    0.493278] NetLabel:  unlabeled traffic allowed by default
[    0.493904] PCI: Using ACPI for IRQ routing
[    0.573312] PCI: pci_cache_line_size set to 64 bytes
[    0.573841] e820: reserve RAM buffer [mem 0x0009fc00-0x0009ffff]
[    0.573847] e820: reserve RAM buffer [mem 0x7ffdb000-0x7fffffff]
[    0.573886] pci 0000:00:01.0: vgaarb: setting as boot VGA device
[    0.574276] pci 0000:00:01.0: vgaarb: bridge control possible
[    0.574595] pci 0000:00:01.0: vgaarb: VGA device added: decodes=io+mem,owns=io+mem,locks=none
[    0.574845] vgaarb: loaded
[    0.575270] clocksource: Switched to clocksource kvm-clock
[    0.575799] VFS: Disk quotas dquot_6.6.0
[    0.575838] VFS: Dquot-cache hash table entries: 512 (order 0, 4096 bytes)
[    0.576104] pnp: PnP ACPI init
[    0.576504] system 00:04: [mem 0xb0000000-0xbfffffff window] has been reserved
[    0.577156] pnp: PnP ACPI: found 5 devices
[    0.585351] clocksource: acpi_pm: mask: 0xffffff max_cycles: 0xffffff, max_idle_ns: 2085701024 ns
[    0.585895] NET: Registered PF_INET protocol family
[    0.586533] IP idents hash table entries: 131072 (order: 8, 1048576 bytes, linear)
[    0.588850] tcp_listen_portaddr_hash hash table entries: 4096 (order: 4, 65536 bytes, linear)
[    0.589419] Table-perturb hash table entries: 65536 (order: 6, 262144 bytes, linear)
[    0.590014] TCP established hash table entries: 65536 (order: 7, 524288 bytes, linear)
[    0.590771] TCP bind hash table entries: 65536 (order: 9, 2097152 bytes, linear)
[    0.591711] TCP: Hash tables configured (established 65536 bind 65536)
[    0.592104] UDP hash table entries: 4096 (order: 5, 131072 bytes, linear)
[    0.592498] UDP-Lite hash table entries: 4096 (order: 5, 131072 bytes, linear)
[    0.593000] NET: Registered PF_UNIX/PF_LOCAL protocol family
[    0.593645] RPC: Registered named UNIX socket transport module.
[    0.593988] RPC: Registered udp transport module.
[    0.594308] RPC: Registered tcp transport module.
[    0.594620] RPC: Registered tcp-with-tls transport module.
[    0.594924] RPC: Registered tcp NFSv4.1 backchannel transport module.
[    0.595786] pci 0000:00:02.0: bridge window [io  0x1000-0x0fff] to [bus 01] add_size 1000
[    0.596758] pci 0000:00:02.1: bridge window [io  0x1000-0x0fff] to [bus 02] add_size 1000
[    0.597622] pci 0000:00:02.2: bridge window [io  0x1000-0x0fff] to [bus 03] add_size 1000
[    0.598153] pci 0000:00:02.3: bridge window [io  0x1000-0x0fff] to [bus 04] add_size 1000
[    0.598735] pci 0000:00:02.4: bridge window [io  0x1000-0x0fff] to [bus 05] add_size 1000
[    0.599205] pci 0000:00:02.5: bridge window [io  0x1000-0x0fff] to [bus 06] add_size 1000
[    0.599652] pci 0000:00:02.6: bridge window [io  0x1000-0x0fff] to [bus 07] add_size 1000
[    0.600176] pci 0000:00:02.7: bridge window [io  0x1000-0x0fff] to [bus 08] add_size 1000
[    0.600622] pci 0000:00:03.0: bridge window [io  0x1000-0x0fff] to [bus 09] add_size 1000
[    0.601076] pci 0000:00:03.1: bridge window [io  0x1000-0x0fff] to [bus 0a] add_size 1000
[    0.601526] pci 0000:00:03.2: bridge window [io  0x1000-0x0fff] to [bus 0b] add_size 1000
[    0.601981] pci 0000:00:03.3: bridge window [io  0x1000-0x0fff] to [bus 0c] add_size 1000
[    0.602431] pci 0000:00:03.4: bridge window [io  0x1000-0x0fff] to [bus 0d] add_size 1000
[    0.602885] pci 0000:00:03.5: bridge window [io  0x1000-0x0fff] to [bus 0e] add_size 1000
[    0.603506] pci 0000:00:02.0: BAR 7: assigned [io  0x1000-0x1fff]
[    0.603947] pci 0000:00:02.1: BAR 7: assigned [io  0x2000-0x2fff]
[    0.604502] pci 0000:00:02.2: BAR 7: assigned [io  0x3000-0x3fff]
[    0.605023] pci 0000:00:02.3: BAR 7: assigned [io  0x4000-0x4fff]
[    0.605522] pci 0000:00:02.4: BAR 7: assigned [io  0x5000-0x5fff]
[    0.605985] pci 0000:00:02.5: BAR 7: assigned [io  0x6000-0x6fff]
[    0.606421] pci 0000:00:02.6: BAR 7: assigned [io  0x7000-0x7fff]
[    0.606841] pci 0000:00:02.7: BAR 7: assigned [io  0x8000-0x8fff]
[    0.607179] pci 0000:00:03.0: BAR 7: assigned [io  0x9000-0x9fff]
[    0.607510] pci 0000:00:03.1: BAR 7: assigned [io  0xa000-0xafff]
[    0.607833] pci 0000:00:03.2: BAR 7: assigned [io  0xb000-0xbfff]
[    0.608162] pci 0000:00:03.3: BAR 7: assigned [io  0xd000-0xdfff]
[    0.608487] pci 0000:00:03.4: BAR 7: assigned [io  0xe000-0xefff]
[    0.608811] pci 0000:00:03.5: BAR 7: assigned [io  0xf000-0xffff]
[    0.609171] pci 0000:00:02.0: PCI bridge to [bus 01]
[    0.609496] pci 0000:00:02.0:   bridge window [io  0x1000-0x1fff]
[    0.610779] pci 0000:00:02.0:   bridge window [mem 0xfe800000-0xfe9fffff]
[    0.611653] pci 0000:00:02.0:   bridge window [mem 0xfca00000-0xfcbfffff 64bit pref]
[    0.613166] pci 0000:00:02.1: PCI bridge to [bus 02]
[    0.613554] pci 0000:00:02.1:   bridge window [io  0x2000-0x2fff]
[    0.614685] pci 0000:00:02.1:   bridge window [mem 0xfe600000-0xfe7fffff]
[    0.616325] pci 0000:00:02.1:   bridge window [mem 0xfc800000-0xfc9fffff 64bit pref]
[    0.617850] pci 0000:00:02.2: PCI bridge to [bus 03]
[    0.618216] pci 0000:00:02.2:   bridge window [io  0x3000-0x3fff]
[    0.619312] pci 0000:00:02.2:   bridge window [mem 0xfe400000-0xfe5fffff]
[    0.620492] pci 0000:00:02.2:   bridge window [mem 0xfc600000-0xfc7fffff 64bit pref]
[    0.623646] pci 0000:00:02.3: PCI bridge to [bus 04]
[    0.623970] pci 0000:00:02.3:   bridge window [io  0x4000-0x4fff]
[    0.625097] pci 0000:00:02.3:   bridge window [mem 0xfe200000-0xfe3fffff]
[    0.626000] pci 0000:00:02.3:   bridge window [mem 0xfc400000-0xfc5fffff 64bit pref]
[    0.627519] pci 0000:00:02.4: PCI bridge to [bus 05]
[    0.627829] pci 0000:00:02.4:   bridge window [io  0x5000-0x5fff]
[    0.630161] pci 0000:00:02.4:   bridge window [mem 0xfe000000-0xfe1fffff]
[    0.631843] pci 0000:00:02.4:   bridge window [mem 0xfc200000-0xfc3fffff 64bit pref]
[    0.635536] pci 0000:00:02.5: PCI bridge to [bus 06]
[    0.635878] pci 0000:00:02.5:   bridge window [io  0x6000-0x6fff]
[    0.637518] pci 0000:00:02.5:   bridge window [mem 0xfde00000-0xfdffffff]
[    0.638686] pci 0000:00:02.5:   bridge window [mem 0xfc000000-0xfc1fffff 64bit pref]
[    0.640258] pci 0000:00:02.6: PCI bridge to [bus 07]
[    0.640573] pci 0000:00:02.6:   bridge window [io  0x7000-0x7fff]
[    0.641676] pci 0000:00:02.6:   bridge window [mem 0xfdc00000-0xfddfffff]
[    0.642582] pci 0000:00:02.6:   bridge window [mem 0xfbe00000-0xfbffffff 64bit pref]
[    0.644110] pci 0000:00:02.7: PCI bridge to [bus 08]
[    0.646297] pci 0000:00:02.7:   bridge window [io  0x8000-0x8fff]
[    0.647541] pci 0000:00:02.7:   bridge window [mem 0xfda00000-0xfdbfffff]
[    0.648418] pci 0000:00:02.7:   bridge window [mem 0xfbc00000-0xfbdfffff 64bit pref]
[    0.649878] pci 0000:00:03.0: PCI bridge to [bus 09]
[    0.650260] pci 0000:00:03.0:   bridge window [io  0x9000-0x9fff]
[    0.656911] pci 0000:00:03.0:   bridge window [mem 0xfd800000-0xfd9fffff]
[    0.657745] pci 0000:00:03.0:   bridge window [mem 0xfba00000-0xfbbfffff 64bit pref]
[    0.659121] pci 0000:00:03.1: PCI bridge to [bus 0a]
[    0.659423] pci 0000:00:03.1:   bridge window [io  0xa000-0xafff]
[    0.660525] pci 0000:00:03.1:   bridge window [mem 0xfd600000-0xfd7fffff]
[    0.661345] pci 0000:00:03.1:   bridge window [mem 0xfb800000-0xfb9fffff 64bit pref]
[    0.662909] pci 0000:00:03.2: PCI bridge to [bus 0b]
[    0.663492] pci 0000:00:03.2:   bridge window [io  0xb000-0xbfff]
[    0.665513] pci 0000:00:03.2:   bridge window [mem 0xfd400000-0xfd5fffff]
[    0.667010] pci 0000:00:03.2:   bridge window [mem 0xfb600000-0xfb7fffff 64bit pref]
[    0.669524] pci 0000:00:03.3: PCI bridge to [bus 0c]
[    0.669904] pci 0000:00:03.3:   bridge window [io  0xd000-0xdfff]
[    0.671530] pci 0000:00:03.3:   bridge window [mem 0xfd200000-0xfd3fffff]
[    0.672544] pci 0000:00:03.3:   bridge window [mem 0xfb400000-0xfb5fffff 64bit pref]
[    0.674111] pci 0000:00:03.4: PCI bridge to [bus 0d]
[    0.674432] pci 0000:00:03.4:   bridge window [io  0xe000-0xefff]
[    0.676005] pci 0000:00:03.4:   bridge window [mem 0xfd000000-0xfd1fffff]
[    0.678418] pci 0000:00:03.4:   bridge window [mem 0xfb200000-0xfb3fffff 64bit pref]
[    0.681450] pci 0000:00:03.5: PCI bridge to [bus 0e]
[    0.681764] pci 0000:00:03.5:   bridge window [io  0xf000-0xffff]
[    0.682866] pci 0000:00:03.5:   bridge window [mem 0xfce00000-0xfcffffff]
[    0.683807] pci 0000:00:03.5:   bridge window [mem 0xfb000000-0xfb1fffff 64bit pref]
[    0.685272] pci_bus 0000:00: resource 4 [io  0x0000-0x0cf7 window]
[    0.685612] pci_bus 0000:00: resource 5 [io  0x0d00-0xffff window]
[    0.685944] pci_bus 0000:00: resource 6 [mem 0x000a0000-0x000bffff window]
[    0.686302] pci_bus 0000:00: resource 7 [mem 0x80000000-0xafffffff window]
[    0.686656] pci_bus 0000:00: resource 8 [mem 0xc0000000-0xfebfffff window]
[    0.687246] pci_bus 0000:00: resource 9 [mem 0x280000000-0xa7fffffff window]
[    0.687854] pci_bus 0000:01: resource 0 [io  0x1000-0x1fff]
[    0.688421] pci_bus 0000:01: resource 1 [mem 0xfe800000-0xfe9fffff]
[    0.688946] pci_bus 0000:01: resource 2 [mem 0xfca00000-0xfcbfffff 64bit pref]
[    0.689521] pci_bus 0000:02: resource 0 [io  0x2000-0x2fff]
[    0.691535] pci_bus 0000:02: resource 1 [mem 0xfe600000-0xfe7fffff]
[    0.691870] pci_bus 0000:02: resource 2 [mem 0xfc800000-0xfc9fffff 64bit pref]
[    0.692294] pci_bus 0000:03: resource 0 [io  0x3000-0x3fff]
[    0.692609] pci_bus 0000:03: resource 1 [mem 0xfe400000-0xfe5fffff]
[    0.692937] pci_bus 0000:03: resource 2 [mem 0xfc600000-0xfc7fffff 64bit pref]
[    0.693423] pci_bus 0000:04: resource 0 [io  0x4000-0x4fff]
[    0.693738] pci_bus 0000:04: resource 1 [mem 0xfe200000-0xfe3fffff]
[    0.694072] pci_bus 0000:04: resource 2 [mem 0xfc400000-0xfc5fffff 64bit pref]
[    0.694493] pci_bus 0000:05: resource 0 [io  0x5000-0x5fff]
[    0.694807] pci_bus 0000:05: resource 1 [mem 0xfe000000-0xfe1fffff]
[    0.695146] pci_bus 0000:05: resource 2 [mem 0xfc200000-0xfc3fffff 64bit pref]
[    0.695567] pci_bus 0000:06: resource 0 [io  0x6000-0x6fff]
[    0.696004] pci_bus 0000:06: resource 1 [mem 0xfde00000-0xfdffffff]
[    0.696737] pci_bus 0000:06: resource 2 [mem 0xfc000000-0xfc1fffff 64bit pref]
[    0.697329] pci_bus 0000:07: resource 0 [io  0x7000-0x7fff]
[    0.697647] pci_bus 0000:07: resource 1 [mem 0xfdc00000-0xfddfffff]
[    0.697991] pci_bus 0000:07: resource 2 [mem 0xfbe00000-0xfbffffff 64bit pref]
[    0.698444] pci_bus 0000:08: resource 0 [io  0x8000-0x8fff]
[    0.698763] pci_bus 0000:08: resource 1 [mem 0xfda00000-0xfdbfffff]
[    0.699105] pci_bus 0000:08: resource 2 [mem 0xfbc00000-0xfbdfffff 64bit pref]
[    0.699530] pci_bus 0000:09: resource 0 [io  0x9000-0x9fff]
[    0.699839] pci_bus 0000:09: resource 1 [mem 0xfd800000-0xfd9fffff]
[    0.700236] pci_bus 0000:09: resource 2 [mem 0xfba00000-0xfbbfffff 64bit pref]
[    0.700653] pci_bus 0000:0a: resource 0 [io  0xa000-0xafff]
[    0.700961] pci_bus 0000:0a: resource 1 [mem 0xfd600000-0xfd7fffff]
[    0.701296] pci_bus 0000:0a: resource 2 [mem 0xfb800000-0xfb9fffff 64bit pref]
[    0.701747] pci_bus 0000:0b: resource 0 [io  0xb000-0xbfff]
[    0.702059] pci_bus 0000:0b: resource 1 [mem 0xfd400000-0xfd5fffff]
[    0.702394] pci_bus 0000:0b: resource 2 [mem 0xfb600000-0xfb7fffff 64bit pref]
[    0.702811] pci_bus 0000:0c: resource 0 [io  0xd000-0xdfff]
[    0.703254] pci_bus 0000:0c: resource 1 [mem 0xfd200000-0xfd3fffff]
[    0.703792] pci_bus 0000:0c: resource 2 [mem 0xfb400000-0xfb5fffff 64bit pref]
[    0.704367] pci_bus 0000:0d: resource 0 [io  0xe000-0xefff]
[    0.704702] pci_bus 0000:0d: resource 1 [mem 0xfd000000-0xfd1fffff]
[    0.705058] pci_bus 0000:0d: resource 2 [mem 0xfb200000-0xfb3fffff 64bit pref]
[    0.705540] pci_bus 0000:0e: resource 0 [io  0xf000-0xffff]
[    0.705940] pci_bus 0000:0e: resource 1 [mem 0xfce00000-0xfcffffff]
[    0.706280] pci_bus 0000:0e: resource 2 [mem 0xfb000000-0xfb1fffff 64bit pref]
[    0.707918] ACPI: \_SB_.GSIG: Enabled at IRQ 22
[    0.709975] PCI: CLS 0 bytes, default 64
[    0.710363] PCI-DMA: Using software bounce buffering for IO (SWIOTLB)
[    0.710756] software IO TLB: mapped [mem 0x000000007bfdb000-0x000000007ffdb000] (64MB)
[    0.711541] RAPL PMU: API unit is 2^-32 Joules, 0 fixed counters, 10737418240 ms ovfl timer
[    0.712088] clocksource: tsc: mask: 0xffffffffffffffff max_cycles: 0x27178451938, max_idle_ns: 440795251172 ns
[    0.713957] Initialise system trusted keyrings
[    0.714401] workingset: timestamp_bits=40 max_order=21 bucket_order=0
[    0.715006] NFS: Registering the id_resolver key type
[    0.715373] Key type id_resolver registered
[    0.715675] Key type id_legacy registered
[    0.716033] 9p: Installing v9fs 9p2000 file system support
[    0.730621] Key type asymmetric registered
[    0.730947] Asymmetric key parser 'x509' registered
[    0.731291] Block layer SCSI generic (bsg) driver version 0.4 loaded (major 251)
[    0.731801] io scheduler mq-deadline registered
[    0.732127] io scheduler kyber registered
[    0.734166] pcieport 0000:00:02.0: PME: Signaling with IRQ 24
[    0.735384] pcieport 0000:00:02.1: PME: Signaling with IRQ 25
[    0.739014] pcieport 0000:00:02.2: PME: Signaling with IRQ 26
[    0.741373] pcieport 0000:00:02.3: PME: Signaling with IRQ 27
[    0.745334] pcieport 0000:00:02.4: PME: Signaling with IRQ 28
[    0.747711] pcieport 0000:00:02.5: PME: Signaling with IRQ 29
[    0.749698] pcieport 0000:00:02.6: PME: Signaling with IRQ 30
[    0.751683] pcieport 0000:00:02.7: PME: Signaling with IRQ 31
[    0.752499] ACPI: \_SB_.GSIH: Enabled at IRQ 23
[    0.755329] pcieport 0000:00:03.0: PME: Signaling with IRQ 32
[    0.757879] pcieport 0000:00:03.1: PME: Signaling with IRQ 33
[    0.761099] pcieport 0000:00:03.2: PME: Signaling with IRQ 34
[    0.763918] pcieport 0000:00:03.3: PME: Signaling with IRQ 35
[    0.766727] pcieport 0000:00:03.4: PME: Signaling with IRQ 36
[    0.769385] pcieport 0000:00:03.5: PME: Signaling with IRQ 37
[    0.770471] input: Power Button as /devices/LNXSYSTM:00/LNXPWRBN:00/input/input0
[    0.771348] ACPI: button: Power Button [PWRF]
[    0.772447] ACPI: \_SB_.GSIF: Enabled at IRQ 21
[    0.782597] Serial: 8250/16550 driver, 4 ports, IRQ sharing enabled
[    0.783242] 00:00: ttyS0 at I/O 0x3f8 (irq = 4, base_baud = 115200) is a 16550A
[    0.794536] Non-volatile memory driver v1.3
[    0.794879] Linux agpgart interface v0.103
[    0.795273] ACPI: bus type drm_connector registered
[    0.795846] [drm] Initialized vgem 1.0.0 20120112 for vgem on minor 0
[    0.796568] [drm] pci: virtio-vga detected at 0000:00:01.0
[    0.796939] virtio-pci 0000:00:01.0: vgaarb: deactivate vga console
[    0.800772] Console: switching to colour dummy device 80x25
[    0.800965] [drm] features: -virgl +edid -resource_blob -host_visible
[    0.800966] [drm] features: -context_init
[    0.801716] [drm] number of scanouts: 1
[    0.801727] [drm] number of cap sets: 0
[    0.802222] [drm] Initialized virtio_gpu 0.1.0 0 for 0000:00:01.0 on minor 1
[    0.804292] fbcon: virtio_gpudrmfb (fb0) is primary device
[    0.809473] Console: switching to colour frame buffer device 160x50
[    0.812443] virtio-pci 0000:00:01.0: [drm] fb0: virtio_gpudrmfb frame buffer device
[    0.814761] loop: module loaded
[    0.815015] virtio_blk virtio3: 4/0/0 default/read/poll queues
[    0.816826] virtio_blk virtio3: [vda] 104857600 512-byte logical blocks (53.7 GB/50.0 GiB)
[    0.818231]  vda: vda1 vda2 vda3 vda4
[    0.819099] ahci 0000:00:1f.2: version 3.0
[    0.819364] ACPI: \_SB_.GSIA: Enabled at IRQ 16
[    0.820577] ahci 0000:00:1f.2: AHCI 0001.0000 32 slots 6 ports 1.5 Gbps 0x3f impl SATA mode
[    0.820601] ahci 0000:00:1f.2: flags: 64bit ncq only 
[    0.821864] scsi host0: ahci
[    0.822174] scsi host1: ahci
[    0.822383] scsi host2: ahci
[    0.822681] scsi host3: ahci
[    0.822927] scsi host4: ahci
[    0.823175] scsi host5: ahci
[    0.823312] ata1: SATA max UDMA/133 abar m4096@0xfea23000 port 0xfea23100 irq 48 lpm-pol 0
[    0.823374] ata2: SATA max UDMA/133 abar m4096@0xfea23000 port 0xfea23180 irq 48 lpm-pol 0
[    0.823391] ata3: SATA max UDMA/133 abar m4096@0xfea23000 port 0xfea23200 irq 48 lpm-pol 0
[    0.823422] ata4: SATA max UDMA/133 abar m4096@0xfea23000 port 0xfea23280 irq 48 lpm-pol 0
[    0.823438] ata5: SATA max UDMA/133 abar m4096@0xfea23000 port 0xfea23300 irq 48 lpm-pol 0
[    0.823454] ata6: SATA max UDMA/133 abar m4096@0xfea23000 port 0xfea23380 irq 48 lpm-pol 0
[    0.826344] e100: Intel(R) PRO/100 Network Driver
[    0.826354] e100: Copyright(c) 1999-2006 Intel Corporation
[    0.826452] e1000: Intel(R) PRO/1000 Network Driver
[    0.826473] e1000: Copyright (c) 1999-2006 Intel Corporation.
[    0.827270] e1000e: Intel(R) PRO/1000 Network Driver
[    0.827507] e1000e: Copyright(c) 1999 - 2015 Intel Corporation.
[    0.827756] sky2: driver version 1.30
[    0.834027] xhci_hcd 0000:02:00.0: xHCI Host Controller
[    0.834910] xhci_hcd 0000:02:00.0: new USB bus registered, assigned bus number 1
[    0.836739] xhci_hcd 0000:02:00.0: hcc params 0x00087001 hci version 0x100 quirks 0x0000000000000010
[    0.839906] xhci_hcd 0000:02:00.0: xHCI Host Controller
[    0.841073] xhci_hcd 0000:02:00.0: new USB bus registered, assigned bus number 2
[    0.842078] xhci_hcd 0000:02:00.0: Host supports USB 3.0 SuperSpeed
[    0.843190] usb usb1: New USB device found, idVendor=1d6b, idProduct=0002, bcdDevice= 6.07
[    0.843630] usb usb1: New USB device strings: Mfr=3, Product=2, SerialNumber=1
[    0.844009] usb usb1: Product: xHCI Host Controller
[    0.844406] usb usb1: Manufacturer: Linux 6.7.0-thor_kernel xhci-hcd
[    0.844799] usb usb1: SerialNumber: 0000:02:00.0
[    0.845989] hub 1-0:1.0: USB hub found
[    0.847802] hub 1-0:1.0: 15 ports detected
[    0.849849] usb usb2: We don't know the algorithms for LPM for this host, disabling LPM.
[    0.850907] usb usb2: New USB device found, idVendor=1d6b, idProduct=0003, bcdDevice= 6.07
[    0.851336] usb usb2: New USB device strings: Mfr=3, Product=2, SerialNumber=1
[    0.851727] usb usb2: Product: xHCI Host Controller
[    0.852150] usb usb2: Manufacturer: Linux 6.7.0-thor_kernel xhci-hcd
[    0.852552] usb usb2: SerialNumber: 0000:02:00.0
[    0.853570] hub 2-0:1.0: USB hub found
[    0.855049] hub 2-0:1.0: 15 ports detected
[    0.856858] usbcore: registered new interface driver usblp
[    0.857659] usbcore: registered new interface driver usb-storage
[    0.857974] i8042: PNP: PS/2 Controller [PNP0303:KBD,PNP0f13:MOU] at 0x60,0x64 irq 1,12
[    0.859975] serio: i8042 KBD port at 0x60,0x64 irq 1
[    0.860261] serio: i8042 AUX port at 0x60,0x64 irq 12
[    0.861115] mousedev: PS/2 mouse device common for all mice
[    0.864172] rtc_cmos 00:03: RTC can wake from S4
[    0.865924] rtc_cmos 00:03: registered as rtc0
[    0.867619] rtc_cmos 00:03: alarms up to one day, y3k, 242 bytes nvram
[    0.868091] input: AT Translated Set 2 keyboard as /devices/platform/i8042/serio0/input/input1
[    0.869257] i801_smbus 0000:00:1f.3: SMBus using PCI interrupt
[    0.870738] i2c i2c-0: 1/1 memory slots populated (from DMI)
[    0.871040] i2c i2c-0: Memory type 0x07 not supported yet, not instantiating SPD
[    0.874253] device-mapper: ioctl: 4.48.0-ioctl (2023-03-01) initialised: dm-devel@redhat.com
[    0.874575] intel_pstate: CPU model not supported
[    0.874865] hid: raw HID events driver (C) Jiri Kosina
[    0.875265] usbcore: registered new interface driver usbhid
[    0.875531] usbhid: USB HID core driver
[    0.876816] Initializing XFRM netlink socket
[    0.877128] NET: Registered PF_INET6 protocol family
[    0.878605] Segment Routing with IPv6
[    0.878907] In-situ OAM (IOAM) with IPv6
[    0.879239] sit: IPv6, IPv4 and MPLS over IPv4 tunneling driver
[    0.879654] NET: Registered PF_PACKET protocol family
[    0.879946] 9pnet: Installing 9P2000 support
[    0.880250] Key type dns_resolver registered
[    0.882908] IPI shorthand broadcast: enabled
[    0.886379] sched_clock: Marking stable (815012304, 71133451)->(1020822057, -134676302)
[    0.889440] snd_hda_intel 0000:00:1b.0: Cannot probe codecs, giving up
[    0.890659] registered taskstats version 1
[    0.890942] Loading compiled-in X.509 certificates
[    0.893388] PM:   Magic number: 12:405:541
[    0.895176] printk: legacy console [netcon0] enabled
[    0.895467] netconsole: network logging started
[    0.895809] cfg80211: Loading compiled-in X.509 certificates for regulatory database
[    0.897225] Loaded X.509 cert 'sforshee: 00b28ddf47aef9cea7'
[    0.897853] Loaded X.509 cert 'wens: 61c038651aabdcf94bd0ac7ff06c7248db18c600'
[    0.898158] ALSA device list:
[    0.898429]   No soundcards found.
[    0.899293] platform regulatory.0: Direct firmware load for regulatory.db failed with error -2
[    0.899806] cfg80211: failed to load regulatory.db
[    1.098232] usb 1-1: new high-speed USB device number 2 using xhci_hcd
[    1.137239] ata5: SATA link down (SStatus 0 SControl 300)
[    1.137957] ata1: SATA link up 1.5 Gbps (SStatus 113 SControl 300)
[    1.138541] ata2: SATA link down (SStatus 0 SControl 300)
[    1.139177] ata6: SATA link down (SStatus 0 SControl 300)
[    1.139823] ata4: SATA link down (SStatus 0 SControl 300)
[    1.140198] ata1.00: ATAPI: QEMU DVD-ROM, 2.5+, max UDMA/100
[    1.140668] ata1.00: applying bridge limits
[    1.141523] ata3: SATA link down (SStatus 0 SControl 300)
[    1.143215] ata1.00: configured for UDMA/100
[    1.145237] scsi 0:0:0:0: CD-ROM            QEMU     QEMU DVD-ROM     2.5+ PQ: 0 ANSI: 5
[    1.147661] sr 0:0:0:0: [sr0] scsi3-mmc drive: 4x/4x cd/rw xa/form2 tray
[    1.147974] cdrom: Uniform CD-ROM driver Revision: 3.20
[    1.149224] sr 0:0:0:0: [sr0] Hmm, seems the drive doesn't support multisession CD's
[    1.151834] sr 0:0:0:0: Attached scsi CD-ROM sr0
[    1.151946] sr 0:0:0:0: Attached scsi generic sg0 type 5
[    1.231181] usb 1-1: New USB device found, idVendor=0627, idProduct=0001, bcdDevice= 0.00
[    1.231508] usb 1-1: New USB device strings: Mfr=1, Product=3, SerialNumber=10
[    1.231791] usb 1-1: Product: QEMU USB Tablet
[    1.232073] usb 1-1: Manufacturer: QEMU
[    1.232395] usb 1-1: SerialNumber: 28754-0000:00:02.1:00.0-1
[    1.235065] input: QEMU QEMU USB Tablet as /devices/pci0000:00/0000:00:02.1/0000:02:00.0/usb1/1-1/1-1:1.0/0003:0627:0001.0001/input/input4
[    1.236454] hid-generic 0003:0627:0001.0001: input,hidraw0: USB HID v0.01 Mouse [QEMU QEMU USB Tablet] on usb-0000:02:00.0-1/input0
[    1.498087] input: ImExPS/2 Generic Explorer Mouse as /devices/platform/i8042/serio1/input/input3
[    1.499908] md: Waiting for all devices to be available before autodetect
[    1.500492] md: If you don't use raid, use raid=noautodetect
[    1.501038] md: Autodetecting RAID arrays.
[    1.501590] md: autorun ...
[    1.502120] md: ... autorun DONE.
[    1.505874] EXT4-fs (vda4): mounted filesystem dd0da9ff-bcfa-4bd0-ae94-82cb1a0c2e23 ro with ordered data mode. Quota mode: none.
[    1.506459] VFS: Mounted root (ext4 filesystem) readonly on device 253:4.
[    1.508088] devtmpfs: mounted
[    1.509326] Freeing unused kernel image (initmem) memory: 2824K
[    1.513196] Write protecting the kernel read-only data: 28672k
[    1.514848] Freeing unused kernel image (rodata/data gap) memory: 664K
[    1.566441] x86/mm: Checked W+X mappings: passed, no W+X pages found.
[    1.566791] x86/mm: Checking user space page tables
[    1.620446] x86/mm: Checked W+X mappings: passed, no W+X pages found.
[    1.620962] Run /sbin/init as init process
[    1.621437]   with arguments:
[    1.621438]     /sbin/init
[    1.621440]   with environment:
[    1.621441]     HOME=/
[    1.621442]     TERM=linux
[    1.621443]     BOOT_IMAGE=/vmlinuz-6.4.12-lfs-12.0-mberengu
[    1.806606] udevd[219]: Starting systemd-udevd version 254
[    1.811406] udevd[220]: Using default interface naming scheme 'v253'.
[    2.199596] Adding 1952764k swap on /dev/vda2.  Priority:1 extents:1 across:1952764k 
[    2.230228] EXT4-fs (vda4): re-mounted dd0da9ff-bcfa-4bd0-ae94-82cb1a0c2e23 ro. Quota mode: none.
[    2.643942] EXT4-fs (vda4): re-mounted dd0da9ff-bcfa-4bd0-ae94-82cb1a0c2e23 r/w. Quota mode: none.
[    2.698052] EXT4-fs (vda1): mounted filesystem 6df6a8a2-a258-4d42-88f4-b6f64a6c9fb5 r/w with ordered data mode. Quota mode: none.
