[    0.000000] Linux version 6.8.0-rc5-next-20240223 (root@lfs) (gcc (GCC) 13.2.0, GNU ld (GNU Binutils) 2.41) #1 SMP PREEMPT_DYNAMIC Sat Feb 24 10:31:06 CET 2024
[    0.000000] Command line: BOOT_IMAGE=/vmlinuz-next-20240223 root=/dev/vda4 ro
[    0.000000] BIOS-provided physical RAM map:
[    0.000000] BIOS-e820: [mem 0x0000000000000000-0x000000000009fbff] usable
[    0.000000] BIOS-e820: [mem 0x000000000009fc00-0x000000000009ffff] reserved
[    0.000000] BIOS-e820: [mem 0x00000000000f0000-0x00000000000fffff] reserved
[    0.000000] BIOS-e820: [mem 0x0000000000100000-0x000000007ffdafff] usable
[    0.000000] BIOS-e820: [mem 0x000000007ffdb000-0x000000007fffffff] reserved
[    0.000000] BIOS-e820: [mem 0x00000000b0000000-0x00000000bfffffff] reserved
[    0.000000] BIOS-e820: [mem 0x00000000fed1c000-0x00000000fed1ffff] reserved
[    0.000000] BIOS-e820: [mem 0x00000000feffc000-0x00000000feffffff] reserved
[    0.000000] BIOS-e820: [mem 0x00000000fffc0000-0x00000000ffffffff] reserved
[    0.000000] BIOS-e820: [mem 0x0000000100000000-0x000000027fffffff] usable
[    0.000000] NX (Execute Disable) protection: active
[    0.000000] APIC: Static calls initialized
[    0.000000] SMBIOS 2.8 present.
[    0.000000] DMI: QEMU Standard PC (Q35 + ICH9, 2009), BIOS 1.16.0-20220807_005459-localhost 04/01/2014
[    0.000000] Hypervisor detected: KVM
[    0.000000] kvm-clock: Using msrs 4b564d01 and 4b564d00
[    0.000000] kvm-clock: using sched offset of 5012292659987 cycles
[    0.000002] clocksource: kvm-clock: mask: 0xffffffffffffffff max_cycles: 0x1cd42e4dffb, max_idle_ns: 881590591483 ns
[    0.000004] tsc: Detected 2711.998 MHz processor
[    0.000733] e820: update [mem 0x00000000-0x00000fff] usable ==> reserved
[    0.000736] e820: remove [mem 0x000a0000-0x000fffff] usable
[    0.000740] last_pfn = 0x280000 max_arch_pfn = 0x400000000
[    0.000782] MTRR map: 4 entries (3 fixed + 1 variable; max 19), built from 8 variable MTRRs
[    0.000785] x86/PAT: Configuration [0-7]: WB  WC  UC- UC  WB  WP  UC- WT  
[    0.000838] last_pfn = 0x7ffdb max_arch_pfn = 0x400000000
[    0.007461] found SMP MP-table at [mem 0x000f5b40-0x000f5b4f]
[    0.007473] Using GB pages for direct mapping
[    0.007602] ACPI: Early table checksum verification disabled
[    0.007605] ACPI: RSDP 0x00000000000F5B00 000014 (v00 BOCHS )
[    0.007612] ACPI: RSDT 0x000000007FFE2AA4 000034 (v01 BOCHS  BXPC     00000001 BXPC 00000001)
[    0.007617] ACPI: FACP 0x000000007FFE28BC 0000F4 (v03 BOCHS  BXPC     00000001 BXPC 00000001)
[    0.007625] ACPI: DSDT 0x000000007FFDFDC0 002AFC (v01 BOCHS  BXPC     00000001 BXPC 00000001)
[    0.007628] ACPI: FACS 0x000000007FFDFD80 000040
[    0.007631] ACPI: APIC 0x000000007FFE29B0 000090 (v03 BOCHS  BXPC     00000001 BXPC 00000001)
[    0.007634] ACPI: MCFG 0x000000007FFE2A40 00003C (v01 BOCHS  BXPC     00000001 BXPC 00000001)
[    0.007637] ACPI: WAET 0x000000007FFE2A7C 000028 (v01 BOCHS  BXPC     00000001 BXPC 00000001)
[    0.007639] ACPI: Reserving FACP table memory at [mem 0x7ffe28bc-0x7ffe29af]
[    0.007640] ACPI: Reserving DSDT table memory at [mem 0x7ffdfdc0-0x7ffe28bb]
[    0.007641] ACPI: Reserving FACS table memory at [mem 0x7ffdfd80-0x7ffdfdbf]
[    0.007642] ACPI: Reserving APIC table memory at [mem 0x7ffe29b0-0x7ffe2a3f]
[    0.007642] ACPI: Reserving MCFG table memory at [mem 0x7ffe2a40-0x7ffe2a7b]
[    0.007643] ACPI: Reserving WAET table memory at [mem 0x7ffe2a7c-0x7ffe2aa3]
[    0.008001] No NUMA configuration found
[    0.008002] Faking a node at [mem 0x0000000000000000-0x000000027fffffff]
[    0.008004] NODE_DATA(0) allocated [mem 0x27fffc000-0x27fffffff]
[    0.008020] Zone ranges:
[    0.008021]   DMA      [mem 0x0000000000001000-0x0000000000ffffff]
[    0.008022]   DMA32    [mem 0x0000000001000000-0x00000000ffffffff]
[    0.008023]   Normal   [mem 0x0000000100000000-0x000000027fffffff]
[    0.008025] Movable zone start for each node
[    0.008025] Early memory node ranges
[    0.008026]   node   0: [mem 0x0000000000001000-0x000000000009efff]
[    0.008027]   node   0: [mem 0x0000000000100000-0x000000007ffdafff]
[    0.008028]   node   0: [mem 0x0000000100000000-0x000000027fffffff]
[    0.008029] Initmem setup node 0 [mem 0x0000000000001000-0x000000027fffffff]
[    0.008034] On node 0, zone DMA: 1 pages in unavailable ranges
[    0.008052] On node 0, zone DMA: 97 pages in unavailable ranges
[    0.019186] On node 0, zone Normal: 37 pages in unavailable ranges
[    0.021098] ACPI: PM-Timer IO Port: 0x608
[    0.021110] ACPI: LAPIC_NMI (acpi_id[0xff] dfl dfl lint[0x1])
[    0.021145] IOAPIC[0]: apic_id 0, version 17, address 0xfec00000, GSI 0-23
[    0.021147] ACPI: INT_SRC_OVR (bus 0 bus_irq 0 global_irq 2 dfl dfl)
[    0.021149] ACPI: INT_SRC_OVR (bus 0 bus_irq 5 global_irq 5 high level)
[    0.021150] ACPI: INT_SRC_OVR (bus 0 bus_irq 9 global_irq 9 high level)
[    0.021151] ACPI: INT_SRC_OVR (bus 0 bus_irq 10 global_irq 10 high level)
[    0.021152] ACPI: INT_SRC_OVR (bus 0 bus_irq 11 global_irq 11 high level)
[    0.021155] ACPI: Using ACPI (MADT) for SMP configuration information
[    0.021157] TSC deadline timer available
[    0.021157] smpboot: Allowing 4 CPUs, 0 hotplug CPUs
[    0.021170] kvm-guest: APIC: eoi() replaced with kvm_guest_apic_eoi_write()
[    0.021179] kvm-guest: KVM setup pv remote TLB flush
[    0.021184] kvm-guest: setup PV sched yield
[    0.021195] PM: hibernation: Registered nosave memory: [mem 0x00000000-0x00000fff]
[    0.021197] PM: hibernation: Registered nosave memory: [mem 0x0009f000-0x0009ffff]
[    0.021197] PM: hibernation: Registered nosave memory: [mem 0x000a0000-0x000effff]
[    0.021198] PM: hibernation: Registered nosave memory: [mem 0x000f0000-0x000fffff]
[    0.021199] PM: hibernation: Registered nosave memory: [mem 0x7ffdb000-0x7fffffff]
[    0.021199] PM: hibernation: Registered nosave memory: [mem 0x80000000-0xafffffff]
[    0.021200] PM: hibernation: Registered nosave memory: [mem 0xb0000000-0xbfffffff]
[    0.021201] PM: hibernation: Registered nosave memory: [mem 0xc0000000-0xfed1bfff]
[    0.021201] PM: hibernation: Registered nosave memory: [mem 0xfed1c000-0xfed1ffff]
[    0.021202] PM: hibernation: Registered nosave memory: [mem 0xfed20000-0xfeffbfff]
[    0.021202] PM: hibernation: Registered nosave memory: [mem 0xfeffc000-0xfeffffff]
[    0.021203] PM: hibernation: Registered nosave memory: [mem 0xff000000-0xfffbffff]
[    0.021203] PM: hibernation: Registered nosave memory: [mem 0xfffc0000-0xffffffff]
[    0.021204] [mem 0xc0000000-0xfed1bfff] available for PCI devices
[    0.021205] Booting paravirtualized kernel on KVM
[    0.021206] clocksource: refined-jiffies: mask: 0xffffffff max_cycles: 0xffffffff, max_idle_ns: 1910969940391419 ns
[    0.027432] setup_percpu: NR_CPUS:64 nr_cpumask_bits:4 nr_cpu_ids:4 nr_node_ids:1
[    0.027651] percpu: Embedded 55 pages/cpu s186472 r8192 d30616 u524288
[    0.027655] pcpu-alloc: s186472 r8192 d30616 u524288 alloc=1*2097152
[    0.027657] pcpu-alloc: [0] 0 1 2 3 
[    0.027683] Kernel command line: BOOT_IMAGE=/vmlinuz-next-20240223 root=/dev/vda4 ro
[    0.027702] Unknown kernel command line parameters "BOOT_IMAGE=/vmlinuz-next-20240223", will be passed to user space.
[    0.027735] random: crng init done
[    0.028384] Dentry cache hash table entries: 1048576 (order: 11, 8388608 bytes, linear)
[    0.028721] Inode-cache hash table entries: 524288 (order: 10, 4194304 bytes, linear)
[    0.028799] Fallback order for Node 0: 0 
[    0.028801] Built 1 zonelists, mobility grouping on.  Total pages: 2064091
[    0.028802] Policy zone: Normal
[    0.028803] mem auto-init: stack:all(zero), heap alloc:off, heap free:off
[    0.028805] software IO TLB: area num 4.
[    0.054385] Memory: 8133460K/8388068K available (20480K kernel code, 2886K rwdata, 7608K rodata, 2848K init, 2540K bss, 254348K reserved, 0K cma-reserved)
[    0.054422] SLUB: HWalign=64, Order=0-3, MinObjects=0, CPUs=4, Nodes=1
[    0.054434] Kernel/User page tables isolation: enabled
[    0.055533] Dynamic Preempt: voluntary
[    0.055590] rcu: Preemptible hierarchical RCU implementation.
[    0.055590] rcu: 	RCU event tracing is enabled.
[    0.055591] rcu: 	RCU restricting CPUs from NR_CPUS=64 to nr_cpu_ids=4.
[    0.055592] 	Trampoline variant of Tasks RCU enabled.
[    0.055593] 	Rude variant of Tasks RCU enabled.
[    0.055593] rcu: RCU calculated value of scheduler-enlistment delay is 100 jiffies.
[    0.055594] rcu: Adjusting geometry for rcu_fanout_leaf=16, nr_cpu_ids=4
[    0.057651] NR_IRQS: 4352, nr_irqs: 456, preallocated irqs: 16
[    0.057847] rcu: srcu_init: Setting srcu_struct sizes based on contention.
[    0.070077] Console: colour VGA+ 80x25
[    0.070080] printk: legacy console [tty0] enabled
[    0.122084] ACPI: Core revision 20230628
[    0.122549] APIC: Switch to symmetric I/O mode setup
[    0.123146] x2apic enabled
[    0.123787] APIC: Switched APIC routing to: physical x2apic
[    0.124124] kvm-guest: APIC: send_IPI_mask() replaced with kvm_send_ipi_mask()
[    0.124572] kvm-guest: APIC: send_IPI_mask_allbutself() replaced with kvm_send_ipi_mask_allbutself()
[    0.125184] kvm-guest: setup PV IPIs
[    0.127391] clocksource: tsc-early: mask: 0xffffffffffffffff max_cycles: 0x27178451938, max_idle_ns: 440795251172 ns
[    0.128252] Calibrating delay loop (skipped) preset value.. 5423.99 BogoMIPS (lpj=2711998)
[    0.128934] x86/cpu: User Mode Instruction Prevention (UMIP) activated
[    0.129249] Last level iTLB entries: 4KB 0, 2MB 0, 4MB 0
[    0.129249] Last level dTLB entries: 4KB 0, 2MB 0, 4MB 0, 1GB 0
[    0.129249] Spectre V1 : Mitigation: usercopy/swapgs barriers and __user pointer sanitization
[    0.129249] Spectre V2 : Mitigation: IBRS
[    0.129249] Spectre V2 : Spectre v2 / SpectreRSB mitigation: Filling RSB on context switch
[    0.129249] Spectre V2 : Spectre v2 / SpectreRSB : Filling RSB on VMEXIT
[    0.129249] RETBleed: Mitigation: IBRS
[    0.129249] Spectre V2 : mitigation: Enabling conditional Indirect Branch Prediction Barrier
[    0.129249] Speculative Store Bypass: Mitigation: Speculative Store Bypass disabled via prctl
[    0.129249] MDS: Mitigation: Clear CPU buffers
[    0.129249] MMIO Stale Data: Mitigation: Clear CPU buffers
[    0.129249] SRBDS: Unknown: Dependent on hypervisor status
[    0.129249] GDS: Unknown: Dependent on hypervisor status
[    0.129249] x86/fpu: Supporting XSAVE feature 0x001: 'x87 floating point registers'
[    0.129249] x86/fpu: Supporting XSAVE feature 0x002: 'SSE registers'
[    0.129249] x86/fpu: Supporting XSAVE feature 0x004: 'AVX registers'
[    0.129249] x86/fpu: Supporting XSAVE feature 0x008: 'MPX bounds registers'
[    0.129249] x86/fpu: Supporting XSAVE feature 0x010: 'MPX CSR'
[    0.129249] x86/fpu: xstate_offset[2]:  576, xstate_sizes[2]:  256
[    0.129249] x86/fpu: xstate_offset[3]:  832, xstate_sizes[3]:   64
[    0.129249] x86/fpu: xstate_offset[4]:  896, xstate_sizes[4]:   64
[    0.129249] x86/fpu: Enabled xstate features 0x1f, context size is 960 bytes, using 'compacted' format.
[    0.129249] Freeing SMP alternatives memory: 52K
[    0.129249] pid_max: default: 32768 minimum: 301
[    0.129249] LSM: initializing lsm=capability,selinux
[    0.129249] SELinux:  Initializing.
[    0.129249] Mount-cache hash table entries: 16384 (order: 5, 131072 bytes, linear)
[    0.129249] Mountpoint-cache hash table entries: 16384 (order: 5, 131072 bytes, linear)
[    0.129249] smpboot: CPU0: Intel(R) Core(TM) i7-6820HK CPU @ 2.70GHz (family: 0x6, model: 0x5e, stepping: 0x3)
[    0.129249] RCU Tasks: Setting shift to 2 and lim to 1 rcu_task_cb_adjust=1.
[    0.129249] RCU Tasks Rude: Setting shift to 2 and lim to 1 rcu_task_cb_adjust=1.
[    0.129266] Performance Events: Skylake events, full-width counters, Intel PMU driver.
[    0.129765] ... version:                2
[    0.130080] ... bit width:              48
[    0.130251] ... generic registers:      4
[    0.130519] ... value mask:             0000ffffffffffff
[    0.130818] ... max period:             00007fffffffffff
[    0.131121] ... fixed-purpose events:   3
[    0.131251] ... event mask:             000000070000000f
[    0.131675] signal: max sigframe size: 2032
[    0.131966] rcu: Hierarchical SRCU implementation.
[    0.132251] rcu: 	Max phase no-delay instances is 400.
[    0.132715] smp: Bringing up secondary CPUs ...
[    0.133074] smpboot: x86: Booting SMP configuration:
[    0.133253] .... node  #0, CPUs:      #1 #2 #3
[    0.071394] smpboot: CPU 1 Converting physical 0 to logical die 1
[    0.071394] smpboot: CPU 2 Converting physical 0 to logical die 2
[    0.071394] smpboot: CPU 3 Converting physical 0 to logical die 3
[    0.136354] smp: Brought up 1 node, 4 CPUs
[    0.137881] smpboot: Max logical packages: 4
[    0.138149] smpboot: Total of 4 processors activated (21695.98 BogoMIPS)
[    0.138578] devtmpfs: initialized
[    0.139468] clocksource: jiffies: mask: 0xffffffff max_cycles: 0xffffffff, max_idle_ns: 1911260446275000 ns
[    0.139861] futex hash table entries: 1024 (order: 4, 65536 bytes, linear)
[    0.140375] PM: RTC time: 09:48:42, date: 2024-02-24
[    0.141074] NET: Registered PF_NETLINK/PF_ROUTE protocol family
[    0.141333] audit: initializing netlink subsys (disabled)
[    0.141692] audit: type=2000 audit(1708768122.562:1): state=initialized audit_enabled=0 res=1
[    0.141692] thermal_sys: Registered thermal governor 'step_wise'
[    0.142253] thermal_sys: Registered thermal governor 'user_space'
[    0.142614] cpuidle: using governor menu
[    0.143556] PCI: ECAM [mem 0xb0000000-0xbfffffff] (base 0xb0000000) for domain 0000 [bus 00-ff]
[    0.144133] PCI: ECAM [mem 0xb0000000-0xbfffffff] reserved as E820 entry
[    0.144260] PCI: Using configuration type 1 for base access
[    0.144759] kprobes: kprobe jump-optimization is enabled. All kprobes are optimized if possible.
[    0.147365] HugeTLB: registered 2.00 MiB page size, pre-allocated 0 pages
[    0.147801] HugeTLB: 28 KiB vmemmap can be freed for a 2.00 MiB page
[    0.149279] Demotion targets for Node 0: null
[    0.149839] ACPI: Added _OSI(Module Device)
[    0.150170] ACPI: Added _OSI(Processor Device)
[    0.150252] ACPI: Added _OSI(3.0 _SCP Extensions)
[    0.150580] ACPI: Added _OSI(Processor Aggregator Device)
[    0.152123] ACPI: 1 ACPI AML tables successfully acquired and loaded
[    0.156187] ACPI: _OSC evaluation for CPUs failed, trying _PDC
[    0.156479] ACPI: Interpreter enabled
[    0.156886] ACPI: PM: (supports S0 S5)
[    0.157253] ACPI: Using IOAPIC for interrupt routing
[    0.157735] PCI: Using host bridge windows from ACPI; if necessary, use "pci=nocrs" and report a bug
[    0.158252] PCI: Using E820 reservations for host bridge windows
[    0.158825] ACPI: Enabled 2 GPEs in block 00 to 3F
[    0.167061] ACPI: PCI Root Bridge [PCI0] (domain 0000 [bus 00-ff])
[    0.167256] acpi PNP0A08:00: _OSC: OS supports [ExtendedConfig ASPM ClockPM Segments MSI HPX-Type3]
[    0.167812] acpi PNP0A08:00: _OSC: platform does not support [LTR]
[    0.168319] acpi PNP0A08:00: _OSC: OS now controls [PME PCIeCapability]
[    0.168879] PCI host bridge to bus 0000:00
[    0.169214] pci_bus 0000:00: root bus resource [io  0x0000-0x0cf7 window]
[    0.170252] pci_bus 0000:00: root bus resource [io  0x0d00-0xffff window]
[    0.170623] pci_bus 0000:00: root bus resource [mem 0x000a0000-0x000bffff window]
[    0.171152] pci_bus 0000:00: root bus resource [mem 0x80000000-0xafffffff window]
[    0.171252] pci_bus 0000:00: root bus resource [mem 0xc0000000-0xfebfffff window]
[    0.171754] pci_bus 0000:00: root bus resource [mem 0x280000000-0xa7fffffff window]
[    0.172197] pci_bus 0000:00: root bus resource [bus 00-ff]
[    0.173337] pci 0000:00:00.0: [8086:29c0] type 00 class 0x060000 conventional PCI endpoint
[    0.174876] pci 0000:00:01.0: [1af4:1050] type 00 class 0x030000 conventional PCI endpoint
[    0.180272] pci 0000:00:01.0: BAR 0 [mem 0xfa800000-0xfaffffff pref]
[    0.189269] pci 0000:00:01.0: BAR 2 [mem 0xfcc00000-0xfcc03fff 64bit pref]
[    0.195271] pci 0000:00:01.0: BAR 4 [mem 0xfea14000-0xfea14fff]
[    0.204272] pci 0000:00:01.0: ROM [mem 0xfea00000-0xfea0ffff pref]
[    0.205058] pci 0000:00:01.0: Video device with shadowed ROM at [mem 0x000c0000-0x000dffff]
[    0.207536] pci 0000:00:02.0: [1b36:000c] type 01 class 0x060400 PCIe Root Port
[    0.212254] pci 0000:00:02.0: BAR 0 [mem 0xfea15000-0xfea15fff]
[    0.216265] pci 0000:00:02.0: PCI bridge to [bus 01]
[    0.216715] pci 0000:00:02.0:   bridge window [mem 0xfe800000-0xfe9fffff]
[    0.220028] pci 0000:00:02.0:   bridge window [mem 0xfca00000-0xfcbfffff 64bit pref]
[    0.221368] pci 0000:00:02.1: [1b36:000c] type 01 class 0x060400 PCIe Root Port
[    0.224977] pci 0000:00:02.1: BAR 0 [mem 0xfea16000-0xfea16fff]
[    0.228264] pci 0000:00:02.1: PCI bridge to [bus 02]
[    0.228615] pci 0000:00:02.1:   bridge window [mem 0xfe600000-0xfe7fffff]
[    0.232329] pci 0000:00:02.1:   bridge window [mem 0xfc800000-0xfc9fffff 64bit pref]
[    0.233764] pci 0000:00:02.2: [1b36:000c] type 01 class 0x060400 PCIe Root Port
[    0.235804] pci 0000:00:02.2: BAR 0 [mem 0xfea17000-0xfea17fff]
[    0.238935] pci 0000:00:02.2: PCI bridge to [bus 03]
[    0.239313] pci 0000:00:02.2:   bridge window [mem 0xfe400000-0xfe5fffff]
[    0.240289] pci 0000:00:02.2:   bridge window [mem 0xfc600000-0xfc7fffff 64bit pref]
[    0.242947] pci 0000:00:02.3: [1b36:000c] type 01 class 0x060400 PCIe Root Port
[    0.245229] pci 0000:00:02.3: BAR 0 [mem 0xfea18000-0xfea18fff]
[    0.248264] pci 0000:00:02.3: PCI bridge to [bus 04]
[    0.248620] pci 0000:00:02.3:   bridge window [mem 0xfe200000-0xfe3fffff]
[    0.249713] pci 0000:00:02.3:   bridge window [mem 0xfc400000-0xfc5fffff 64bit pref]
[    0.250997] pci 0000:00:02.4: [1b36:000c] type 01 class 0x060400 PCIe Root Port
[    0.254254] pci 0000:00:02.4: BAR 0 [mem 0xfea19000-0xfea19fff]
[    0.256779] pci 0000:00:02.4: PCI bridge to [bus 05]
[    0.257183] pci 0000:00:02.4:   bridge window [mem 0xfe000000-0xfe1fffff]
[    0.258050] pci 0000:00:02.4:   bridge window [mem 0xfc200000-0xfc3fffff 64bit pref]
[    0.260588] pci 0000:00:02.5: [1b36:000c] type 01 class 0x060400 PCIe Root Port
[    0.266062] pci 0000:00:02.5: BAR 0 [mem 0xfea1a000-0xfea1afff]
[    0.269266] pci 0000:00:02.5: PCI bridge to [bus 06]
[    0.269688] pci 0000:00:02.5:   bridge window [mem 0xfde00000-0xfdffffff]
[    0.270661] pci 0000:00:02.5:   bridge window [mem 0xfc000000-0xfc1fffff 64bit pref]
[    0.272125] pci 0000:00:02.6: [1b36:000c] type 01 class 0x060400 PCIe Root Port
[    0.275253] pci 0000:00:02.6: BAR 0 [mem 0xfea1b000-0xfea1bfff]
[    0.280265] pci 0000:00:02.6: PCI bridge to [bus 07]
[    0.280643] pci 0000:00:02.6:   bridge window [mem 0xfdc00000-0xfddfffff]
[    0.281528] pci 0000:00:02.6:   bridge window [mem 0xfbe00000-0xfbffffff 64bit pref]
[    0.282934] pci 0000:00:02.7: [1b36:000c] type 01 class 0x060400 PCIe Root Port
[    0.284841] pci 0000:00:02.7: BAR 0 [mem 0xfea1c000-0xfea1cfff]
[    0.290891] pci 0000:00:02.7: PCI bridge to [bus 08]
[    0.291312] pci 0000:00:02.7:   bridge window [mem 0xfda00000-0xfdbfffff]
[    0.293303] pci 0000:00:02.7:   bridge window [mem 0xfbc00000-0xfbdfffff 64bit pref]
[    0.294713] pci 0000:00:03.0: [1b36:000c] type 01 class 0x060400 PCIe Root Port
[    0.296798] pci 0000:00:03.0: BAR 0 [mem 0xfea1d000-0xfea1dfff]
[    0.299281] pci 0000:00:03.0: PCI bridge to [bus 09]
[    0.299665] pci 0000:00:03.0:   bridge window [mem 0xfd800000-0xfd9fffff]
[    0.303676] pci 0000:00:03.0:   bridge window [mem 0xfba00000-0xfbbfffff 64bit pref]
[    0.304249] pci 0000:00:03.1: [1b36:000c] type 01 class 0x060400 PCIe Root Port
[    0.308255] pci 0000:00:03.1: BAR 0 [mem 0xfea1e000-0xfea1efff]
[    0.312269] pci 0000:00:03.1: PCI bridge to [bus 0a]
[    0.313316] pci 0000:00:03.1:   bridge window [mem 0xfd600000-0xfd7fffff]
[    0.314287] pci 0000:00:03.1:   bridge window [mem 0xfb800000-0xfb9fffff 64bit pref]
[    0.315607] pci 0000:00:03.2: [1b36:000c] type 01 class 0x060400 PCIe Root Port
[    0.318252] pci 0000:00:03.2: BAR 0 [mem 0xfea1f000-0xfea1ffff]
[    0.322271] pci 0000:00:03.2: PCI bridge to [bus 0b]
[    0.322776] pci 0000:00:03.2:   bridge window [mem 0xfd400000-0xfd5fffff]
[    0.325275] pci 0000:00:03.2:   bridge window [mem 0xfb600000-0xfb7fffff 64bit pref]
[    0.327039] pci 0000:00:03.3: [1b36:000c] type 01 class 0x060400 PCIe Root Port
[    0.329711] pci 0000:00:03.3: BAR 0 [mem 0xfea20000-0xfea20fff]
[    0.331262] pci 0000:00:03.3: PCI bridge to [bus 0c]
[    0.331661] pci 0000:00:03.3:   bridge window [mem 0xfd200000-0xfd3fffff]
[    0.332585] pci 0000:00:03.3:   bridge window [mem 0xfb400000-0xfb5fffff 64bit pref]
[    0.333964] pci 0000:00:03.4: [1b36:000c] type 01 class 0x060400 PCIe Root Port
[    0.341739] pci 0000:00:03.4: BAR 0 [mem 0xfea21000-0xfea21fff]
[    0.343262] pci 0000:00:03.4: PCI bridge to [bus 0d]
[    0.343685] pci 0000:00:03.4:   bridge window [mem 0xfd000000-0xfd1fffff]
[    0.344617] pci 0000:00:03.4:   bridge window [mem 0xfb200000-0xfb3fffff 64bit pref]
[    0.348627] pci 0000:00:03.5: [1b36:000c] type 01 class 0x060400 PCIe Root Port
[    0.351255] pci 0000:00:03.5: BAR 0 [mem 0xfea22000-0xfea22fff]
[    0.354028] pci 0000:00:03.5: PCI bridge to [bus 0e]
[    0.355330] pci 0000:00:03.5:   bridge window [mem 0xfce00000-0xfcffffff]
[    0.356324] pci 0000:00:03.5:   bridge window [mem 0xfb000000-0xfb1fffff 64bit pref]
[    0.358787] pci 0000:00:1b.0: [8086:293e] type 00 class 0x040300 conventional PCI endpoint
[    0.359812] pci 0000:00:1b.0: BAR 0 [mem 0xfea10000-0xfea13fff]
[    0.363072] pci 0000:00:1f.0: [8086:2918] type 00 class 0x060100 conventional PCI endpoint
[    0.363872] pci 0000:00:1f.0: quirk: [io  0x0600-0x067f] claimed by ICH6 ACPI/GPIO/TCO
[    0.364548] pci 0000:00:1f.2: [8086:2922] type 00 class 0x010601 conventional PCI endpoint
[    0.372679] pci 0000:00:1f.2: BAR 4 [io  0xc040-0xc05f]
[    0.373796] pci 0000:00:1f.2: BAR 5 [mem 0xfea23000-0xfea23fff]
[    0.375181] pci 0000:00:1f.3: [8086:2930] type 00 class 0x0c0500 conventional PCI endpoint
[    0.384747] pci 0000:00:1f.3: BAR 4 [io  0x0700-0x073f]
[    0.387650] pci 0000:01:00.0: [1af4:1041] type 00 class 0x020000 PCIe Endpoint
[    0.390203] pci 0000:01:00.0: BAR 1 [mem 0xfe840000-0xfe840fff]
[    0.397254] pci 0000:01:00.0: BAR 4 [mem 0xfca00000-0xfca03fff 64bit pref]
[    0.398685] pci 0000:01:00.0: ROM [mem 0xfe800000-0xfe83ffff pref]
[    0.400794] pci 0000:00:02.0: PCI bridge to [bus 01]
[    0.401806] pci 0000:02:00.0: [1b36:000d] type 00 class 0x0c0330 PCIe Endpoint
[    0.402946] pci 0000:02:00.0: BAR 0 [mem 0xfe600000-0xfe603fff 64bit]
[    0.408418] pci 0000:00:02.1: PCI bridge to [bus 02]
[    0.409722] pci 0000:03:00.0: [1af4:1043] type 00 class 0x078000 PCIe Endpoint
[    0.413253] pci 0000:03:00.0: BAR 1 [mem 0xfe400000-0xfe400fff]
[    0.416920] pci 0000:03:00.0: BAR 4 [mem 0xfc600000-0xfc603fff 64bit pref]
[    0.423185] pci 0000:00:02.2: PCI bridge to [bus 03]
[    0.425352] pci 0000:04:00.0: [1af4:1042] type 00 class 0x010000 PCIe Endpoint
[    0.428192] pci 0000:04:00.0: BAR 1 [mem 0xfe200000-0xfe200fff]
[    0.435254] pci 0000:04:00.0: BAR 4 [mem 0xfc400000-0xfc403fff 64bit pref]
[    0.438871] pci 0000:00:02.3: PCI bridge to [bus 04]
[    0.442615] pci 0000:05:00.0: [1af4:1045] type 00 class 0x00ff00 PCIe Endpoint
[    0.446234] pci 0000:05:00.0: BAR 4 [mem 0xfc200000-0xfc203fff 64bit pref]
[    0.448387] pci 0000:00:02.4: PCI bridge to [bus 05]
[    0.449598] pci 0000:06:00.0: [1af4:1044] type 00 class 0x00ff00 PCIe Endpoint
[    0.453722] pci 0000:06:00.0: BAR 1 [mem 0xfde00000-0xfde00fff]
[    0.457155] pci 0000:06:00.0: BAR 4 [mem 0xfc000000-0xfc003fff 64bit pref]
[    0.459693] pci 0000:00:02.5: PCI bridge to [bus 06]
[    0.460690] pci 0000:00:02.6: PCI bridge to [bus 07]
[    0.461780] pci 0000:00:02.7: PCI bridge to [bus 08]
[    0.462742] pci 0000:00:03.0: PCI bridge to [bus 09]
[    0.467254] pci 0000:00:03.1: PCI bridge to [bus 0a]
[    0.468905] pci 0000:00:03.2: PCI bridge to [bus 0b]
[    0.470464] pci 0000:00:03.3: PCI bridge to [bus 0c]
[    0.471799] pci 0000:00:03.4: PCI bridge to [bus 0d]
[    0.473438] pci 0000:00:03.5: PCI bridge to [bus 0e]
[    0.485330] ACPI: PCI: Interrupt link LNKA configured for IRQ 10
[    0.485744] ACPI: PCI: Interrupt link LNKB configured for IRQ 10
[    0.486138] ACPI: PCI: Interrupt link LNKC configured for IRQ 11
[    0.486322] ACPI: PCI: Interrupt link LNKD configured for IRQ 11
[    0.488295] ACPI: PCI: Interrupt link LNKE configured for IRQ 10
[    0.488705] ACPI: PCI: Interrupt link LNKF configured for IRQ 10
[    0.489104] ACPI: PCI: Interrupt link LNKG configured for IRQ 11
[    0.489322] ACPI: PCI: Interrupt link LNKH configured for IRQ 11
[    0.489676] ACPI: PCI: Interrupt link GSIA configured for IRQ 16
[    0.490078] ACPI: PCI: Interrupt link GSIB configured for IRQ 17
[    0.490257] ACPI: PCI: Interrupt link GSIC configured for IRQ 18
[    0.490590] ACPI: PCI: Interrupt link GSID configured for IRQ 19
[    0.490922] ACPI: PCI: Interrupt link GSIE configured for IRQ 20
[    0.491256] ACPI: PCI: Interrupt link GSIF configured for IRQ 21
[    0.491591] ACPI: PCI: Interrupt link GSIG configured for IRQ 22
[    0.491919] ACPI: PCI: Interrupt link GSIH configured for IRQ 23
[    0.492595] iommu: Default domain type: Translated
[    0.492940] iommu: DMA domain TLB invalidation policy: lazy mode
[    0.493401] SCSI subsystem initialized
[    0.494271] libata version 3.00 loaded.
[    0.494301] ACPI: bus type USB registered
[    0.494301] usbcore: registered new interface driver usbfs
[    0.494666] usbcore: registered new interface driver hub
[    0.494999] usbcore: registered new device driver usb
[    0.496274] pps_core: LinuxPPS API ver. 1 registered
[    0.496713] pps_core: Software ver. 5.3.6 - Copyright 2005-2007 Rodolfo Giometti <giometti@linux.it>
[    0.498257] PTP clock support registered
[    0.498699] Advanced Linux Sound Architecture Driver Initialized.
[    0.499867] NetLabel: Initializing
[    0.500252] NetLabel:  domain hash size = 128
[    0.500615] NetLabel:  protocols = UNLABELED CIPSOv4 CALIPSO
[    0.501190] NetLabel:  unlabeled traffic allowed by default
[    0.501338] PCI: Using ACPI for IRQ routing
[    0.576206] PCI: pci_cache_line_size set to 64 bytes
[    0.576728] e820: reserve RAM buffer [mem 0x0009fc00-0x0009ffff]
[    0.576731] e820: reserve RAM buffer [mem 0x7ffdb000-0x7fffffff]
[    0.577292] pci 0000:00:01.0: vgaarb: setting as boot VGA device
[    0.577631] pci 0000:00:01.0: vgaarb: bridge control possible
[    0.577945] pci 0000:00:01.0: vgaarb: VGA device added: decodes=io+mem,owns=io+mem,locks=none
[    0.578256] vgaarb: loaded
[    0.578648] clocksource: Switched to clocksource kvm-clock
[    0.579130] VFS: Disk quotas dquot_6.6.0
[    0.579267] VFS: Dquot-cache hash table entries: 512 (order 0, 4096 bytes)
[    0.579802] pnp: PnP ACPI init
[    0.580276] system 00:04: [mem 0xb0000000-0xbfffffff window] has been reserved
[    0.580952] pnp: PnP ACPI: found 5 devices
[    0.588228] clocksource: acpi_pm: mask: 0xffffff max_cycles: 0xffffff, max_idle_ns: 2085701024 ns
[    0.588991] NET: Registered PF_INET protocol family
[    0.589531] IP idents hash table entries: 131072 (order: 8, 1048576 bytes, linear)
[    0.592443] tcp_listen_portaddr_hash hash table entries: 4096 (order: 4, 65536 bytes, linear)
[    0.593084] Table-perturb hash table entries: 65536 (order: 6, 262144 bytes, linear)
[    0.593917] TCP established hash table entries: 65536 (order: 7, 524288 bytes, linear)
[    0.594806] TCP bind hash table entries: 65536 (order: 9, 2097152 bytes, linear)
[    0.595750] TCP: Hash tables configured (established 65536 bind 65536)
[    0.596131] UDP hash table entries: 4096 (order: 5, 131072 bytes, linear)
[    0.596587] UDP-Lite hash table entries: 4096 (order: 5, 131072 bytes, linear)
[    0.597147] NET: Registered PF_UNIX/PF_LOCAL protocol family
[    0.597787] RPC: Registered named UNIX socket transport module.
[    0.598127] RPC: Registered udp transport module.
[    0.598440] RPC: Registered tcp transport module.
[    0.598758] RPC: Registered tcp-with-tls transport module.
[    0.599068] RPC: Registered tcp NFSv4.1 backchannel transport module.
[    0.599927] pci 0000:00:02.0: bridge window [io  0x1000-0x0fff] to [bus 01] add_size 1000
[    0.600457] pci 0000:00:02.1: bridge window [io  0x1000-0x0fff] to [bus 02] add_size 1000
[    0.600927] pci 0000:00:02.2: bridge window [io  0x1000-0x0fff] to [bus 03] add_size 1000
[    0.601398] pci 0000:00:02.3: bridge window [io  0x1000-0x0fff] to [bus 04] add_size 1000
[    0.601867] pci 0000:00:02.4: bridge window [io  0x1000-0x0fff] to [bus 05] add_size 1000
[    0.602365] pci 0000:00:02.5: bridge window [io  0x1000-0x0fff] to [bus 06] add_size 1000
[    0.602825] pci 0000:00:02.6: bridge window [io  0x1000-0x0fff] to [bus 07] add_size 1000
[    0.603343] pci 0000:00:02.7: bridge window [io  0x1000-0x0fff] to [bus 08] add_size 1000
[    0.603808] pci 0000:00:03.0: bridge window [io  0x1000-0x0fff] to [bus 09] add_size 1000
[    0.604255] pci 0000:00:03.1: bridge window [io  0x1000-0x0fff] to [bus 0a] add_size 1000
[    0.604715] pci 0000:00:03.2: bridge window [io  0x1000-0x0fff] to [bus 0b] add_size 1000
[    0.605161] pci 0000:00:03.3: bridge window [io  0x1000-0x0fff] to [bus 0c] add_size 1000
[    0.605624] pci 0000:00:03.4: bridge window [io  0x1000-0x0fff] to [bus 0d] add_size 1000
[    0.606074] pci 0000:00:03.5: bridge window [io  0x1000-0x0fff] to [bus 0e] add_size 1000
[    0.606626] pci 0000:00:02.0: bridge window [io  0x1000-0x1fff]: assigned
[    0.607059] pci 0000:00:02.1: bridge window [io  0x2000-0x2fff]: assigned
[    0.607419] pci 0000:00:02.2: bridge window [io  0x3000-0x3fff]: assigned
[    0.607773] pci 0000:00:02.3: bridge window [io  0x4000-0x4fff]: assigned
[    0.608274] pci 0000:00:02.4: bridge window [io  0x5000-0x5fff]: assigned
[    0.608631] pci 0000:00:02.5: bridge window [io  0x6000-0x6fff]: assigned
[    0.608984] pci 0000:00:02.6: bridge window [io  0x7000-0x7fff]: assigned
[    0.609330] pci 0000:00:02.7: bridge window [io  0x8000-0x8fff]: assigned
[    0.609747] pci 0000:00:03.0: bridge window [io  0x9000-0x9fff]: assigned
[    0.610094] pci 0000:00:03.1: bridge window [io  0xa000-0xafff]: assigned
[    0.610446] pci 0000:00:03.2: bridge window [io  0xb000-0xbfff]: assigned
[    0.610794] pci 0000:00:03.3: bridge window [io  0xd000-0xdfff]: assigned
[    0.611143] pci 0000:00:03.4: bridge window [io  0xe000-0xefff]: assigned
[    0.611654] pci 0000:00:03.5: bridge window [io  0xf000-0xffff]: assigned
[    0.612011] pci 0000:00:02.0: PCI bridge to [bus 01]
[    0.612521] pci 0000:00:02.0:   bridge window [io  0x1000-0x1fff]
[    0.615199] pci 0000:00:02.0:   bridge window [mem 0xfe800000-0xfe9fffff]
[    0.616529] pci 0000:00:02.0:   bridge window [mem 0xfca00000-0xfcbfffff 64bit pref]
[    0.618697] pci 0000:00:02.1: PCI bridge to [bus 02]
[    0.625347] pci 0000:00:02.1:   bridge window [io  0x2000-0x2fff]
[    0.627148] pci 0000:00:02.1:   bridge window [mem 0xfe600000-0xfe7fffff]
[    0.628477] pci 0000:00:02.1:   bridge window [mem 0xfc800000-0xfc9fffff 64bit pref]
[    0.630481] pci 0000:00:02.2: PCI bridge to [bus 03]
[    0.630854] pci 0000:00:02.2:   bridge window [io  0x3000-0x3fff]
[    0.632385] pci 0000:00:02.2:   bridge window [mem 0xfe400000-0xfe5fffff]
[    0.633358] pci 0000:00:02.2:   bridge window [mem 0xfc600000-0xfc7fffff 64bit pref]
[    0.635679] pci 0000:00:02.3: PCI bridge to [bus 04]
[    0.636053] pci 0000:00:02.3:   bridge window [io  0x4000-0x4fff]
[    0.637486] pci 0000:00:02.3:   bridge window [mem 0xfe200000-0xfe3fffff]
[    0.638632] pci 0000:00:02.3:   bridge window [mem 0xfc400000-0xfc5fffff 64bit pref]
[    0.640385] pci 0000:00:02.4: PCI bridge to [bus 05]
[    0.640744] pci 0000:00:02.4:   bridge window [io  0x5000-0x5fff]
[    0.641864] pci 0000:00:02.4:   bridge window [mem 0xfe000000-0xfe1fffff]
[    0.642781] pci 0000:00:02.4:   bridge window [mem 0xfc200000-0xfc3fffff 64bit pref]
[    0.645917] pci 0000:00:02.5: PCI bridge to [bus 06]
[    0.647766] pci 0000:00:02.5:   bridge window [io  0x6000-0x6fff]
[    0.649647] pci 0000:00:02.5:   bridge window [mem 0xfde00000-0xfdffffff]
[    0.651066] pci 0000:00:02.5:   bridge window [mem 0xfc000000-0xfc1fffff 64bit pref]
[    0.653463] pci 0000:00:02.6: PCI bridge to [bus 07]
[    0.653841] pci 0000:00:02.6:   bridge window [io  0x7000-0x7fff]
[    0.655000] pci 0000:00:02.6:   bridge window [mem 0xfdc00000-0xfddfffff]
[    0.655917] pci 0000:00:02.6:   bridge window [mem 0xfbe00000-0xfbffffff 64bit pref]
[    0.657556] pci 0000:00:02.7: PCI bridge to [bus 08]
[    0.659177] pci 0000:00:02.7:   bridge window [io  0x8000-0x8fff]
[    0.660408] pci 0000:00:02.7:   bridge window [mem 0xfda00000-0xfdbfffff]
[    0.661368] pci 0000:00:02.7:   bridge window [mem 0xfbc00000-0xfbdfffff 64bit pref]
[    0.662920] pci 0000:00:03.0: PCI bridge to [bus 09]
[    0.663297] pci 0000:00:03.0:   bridge window [io  0x9000-0x9fff]
[    0.664446] pci 0000:00:03.0:   bridge window [mem 0xfd800000-0xfd9fffff]
[    0.665359] pci 0000:00:03.0:   bridge window [mem 0xfba00000-0xfbbfffff 64bit pref]
[    0.666849] pci 0000:00:03.1: PCI bridge to [bus 0a]
[    0.667191] pci 0000:00:03.1:   bridge window [io  0xa000-0xafff]
[    0.668294] pci 0000:00:03.1:   bridge window [mem 0xfd600000-0xfd7fffff]
[    0.669221] pci 0000:00:03.1:   bridge window [mem 0xfb800000-0xfb9fffff 64bit pref]
[    0.672068] pci 0000:00:03.2: PCI bridge to [bus 0b]
[    0.672432] pci 0000:00:03.2:   bridge window [io  0xb000-0xbfff]
[    0.673699] pci 0000:00:03.2:   bridge window [mem 0xfd400000-0xfd5fffff]
[    0.675770] pci 0000:00:03.2:   bridge window [mem 0xfb600000-0xfb7fffff 64bit pref]
[    0.678209] pci 0000:00:03.3: PCI bridge to [bus 0c]
[    0.678708] pci 0000:00:03.3:   bridge window [io  0xd000-0xdfff]
[    0.680571] pci 0000:00:03.3:   bridge window [mem 0xfd200000-0xfd3fffff]
[    0.683720] pci 0000:00:03.3:   bridge window [mem 0xfb400000-0xfb5fffff 64bit pref]
[    0.685220] pci 0000:00:03.4: PCI bridge to [bus 0d]
[    0.685571] pci 0000:00:03.4:   bridge window [io  0xe000-0xefff]
[    0.686682] pci 0000:00:03.4:   bridge window [mem 0xfd000000-0xfd1fffff]
[    0.687541] pci 0000:00:03.4:   bridge window [mem 0xfb200000-0xfb3fffff 64bit pref]
[    0.688953] pci 0000:00:03.5: PCI bridge to [bus 0e]
[    0.689282] pci 0000:00:03.5:   bridge window [io  0xf000-0xffff]
[    0.690462] pci 0000:00:03.5:   bridge window [mem 0xfce00000-0xfcffffff]
[    0.691287] pci 0000:00:03.5:   bridge window [mem 0xfb000000-0xfb1fffff 64bit pref]
[    0.692808] pci_bus 0000:00: resource 4 [io  0x0000-0x0cf7 window]
[    0.694503] pci_bus 0000:00: resource 5 [io  0x0d00-0xffff window]
[    0.694878] pci_bus 0000:00: resource 6 [mem 0x000a0000-0x000bffff window]
[    0.695254] pci_bus 0000:00: resource 7 [mem 0x80000000-0xafffffff window]
[    0.695638] pci_bus 0000:00: resource 8 [mem 0xc0000000-0xfebfffff window]
[    0.696014] pci_bus 0000:00: resource 9 [mem 0x280000000-0xa7fffffff window]
[    0.696415] pci_bus 0000:01: resource 0 [io  0x1000-0x1fff]
[    0.696745] pci_bus 0000:01: resource 1 [mem 0xfe800000-0xfe9fffff]
[    0.697095] pci_bus 0000:01: resource 2 [mem 0xfca00000-0xfcbfffff 64bit pref]
[    0.697543] pci_bus 0000:02: resource 0 [io  0x2000-0x2fff]
[    0.697877] pci_bus 0000:02: resource 1 [mem 0xfe600000-0xfe7fffff]
[    0.698227] pci_bus 0000:02: resource 2 [mem 0xfc800000-0xfc9fffff 64bit pref]
[    0.698678] pci_bus 0000:03: resource 0 [io  0x3000-0x3fff]
[    0.699014] pci_bus 0000:03: resource 1 [mem 0xfe400000-0xfe5fffff]
[    0.699365] pci_bus 0000:03: resource 2 [mem 0xfc600000-0xfc7fffff 64bit pref]
[    0.699823] pci_bus 0000:04: resource 0 [io  0x4000-0x4fff]
[    0.700158] pci_bus 0000:04: resource 1 [mem 0xfe200000-0xfe3fffff]
[    0.700522] pci_bus 0000:04: resource 2 [mem 0xfc400000-0xfc5fffff 64bit pref]
[    0.700967] pci_bus 0000:05: resource 0 [io  0x5000-0x5fff]
[    0.701323] pci_bus 0000:05: resource 1 [mem 0xfe000000-0xfe1fffff]
[    0.701690] pci_bus 0000:05: resource 2 [mem 0xfc200000-0xfc3fffff 64bit pref]
[    0.702147] pci_bus 0000:06: resource 0 [io  0x6000-0x6fff]
[    0.702481] pci_bus 0000:06: resource 1 [mem 0xfde00000-0xfdffffff]
[    0.702838] pci_bus 0000:06: resource 2 [mem 0xfc000000-0xfc1fffff 64bit pref]
[    0.703311] pci_bus 0000:07: resource 0 [io  0x7000-0x7fff]
[    0.703647] pci_bus 0000:07: resource 1 [mem 0xfdc00000-0xfddfffff]
[    0.704726] pci_bus 0000:07: resource 2 [mem 0xfbe00000-0xfbffffff 64bit pref]
[    0.705314] pci_bus 0000:08: resource 0 [io  0x8000-0x8fff]
[    0.705770] pci_bus 0000:08: resource 1 [mem 0xfda00000-0xfdbfffff]
[    0.706240] pci_bus 0000:08: resource 2 [mem 0xfbc00000-0xfbdfffff 64bit pref]
[    0.706936] pci_bus 0000:09: resource 0 [io  0x9000-0x9fff]
[    0.707405] pci_bus 0000:09: resource 1 [mem 0xfd800000-0xfd9fffff]
[    0.707866] pci_bus 0000:09: resource 2 [mem 0xfba00000-0xfbbfffff 64bit pref]
[    0.708480] pci_bus 0000:0a: resource 0 [io  0xa000-0xafff]
[    0.708940] pci_bus 0000:0a: resource 1 [mem 0xfd600000-0xfd7fffff]
[    0.709413] pci_bus 0000:0a: resource 2 [mem 0xfb800000-0xfb9fffff 64bit pref]
[    0.710034] pci_bus 0000:0b: resource 0 [io  0xb000-0xbfff]
[    0.710493] pci_bus 0000:0b: resource 1 [mem 0xfd400000-0xfd5fffff]
[    0.710968] pci_bus 0000:0b: resource 2 [mem 0xfb600000-0xfb7fffff 64bit pref]
[    0.711586] pci_bus 0000:0c: resource 0 [io  0xd000-0xdfff]
[    0.712045] pci_bus 0000:0c: resource 1 [mem 0xfd200000-0xfd3fffff]
[    0.712513] pci_bus 0000:0c: resource 2 [mem 0xfb400000-0xfb5fffff 64bit pref]
[    0.713147] pci_bus 0000:0d: resource 0 [io  0xe000-0xefff]
[    0.713618] pci_bus 0000:0d: resource 1 [mem 0xfd000000-0xfd1fffff]
[    0.714113] pci_bus 0000:0d: resource 2 [mem 0xfb200000-0xfb3fffff 64bit pref]
[    0.714731] pci_bus 0000:0e: resource 0 [io  0xf000-0xffff]
[    0.715154] pci_bus 0000:0e: resource 1 [mem 0xfce00000-0xfcffffff]
[    0.715659] pci_bus 0000:0e: resource 2 [mem 0xfb000000-0xfb1fffff 64bit pref]
[    0.716649] ACPI: \_SB_.GSIG: Enabled at IRQ 22
[    0.718302] PCI: CLS 0 bytes, default 64
[    0.718610] PCI-DMA: Using software bounce buffering for IO (SWIOTLB)
[    0.718977] software IO TLB: mapped [mem 0x000000007bfdb000-0x000000007ffdb000] (64MB)
[    0.719682] RAPL PMU: API unit is 2^-32 Joules, 0 fixed counters, 10737418240 ms ovfl timer
[    0.720202] clocksource: tsc: mask: 0xffffffffffffffff max_cycles: 0x27178451938, max_idle_ns: 440795251172 ns
[    0.721841] Initialise system trusted keyrings
[    0.722242] workingset: timestamp_bits=40 max_order=21 bucket_order=0
[    0.722813] NFS: Registering the id_resolver key type
[    0.723152] Key type id_resolver registered
[    0.723450] Key type id_legacy registered
[    0.723877] 9p: Installing v9fs 9p2000 file system support
[    0.737258] Key type asymmetric registered
[    0.737677] Asymmetric key parser 'x509' registered
[    0.738136] Block layer SCSI generic (bsg) driver version 0.4 loaded (major 251)
[    0.738769] io scheduler mq-deadline registered
[    0.739188] io scheduler kyber registered
[    0.741981] pcieport 0000:00:02.0: PME: Signaling with IRQ 24
[    0.743820] pcieport 0000:00:02.1: PME: Signaling with IRQ 25
[    0.746260] pcieport 0000:00:02.2: PME: Signaling with IRQ 26
[    0.748268] pcieport 0000:00:02.3: PME: Signaling with IRQ 27
[    0.750326] pcieport 0000:00:02.4: PME: Signaling with IRQ 28
[    0.752329] pcieport 0000:00:02.5: PME: Signaling with IRQ 29
[    0.754404] pcieport 0000:00:02.6: PME: Signaling with IRQ 30
[    0.757455] pcieport 0000:00:02.7: PME: Signaling with IRQ 31
[    0.758411] ACPI: \_SB_.GSIH: Enabled at IRQ 23
[    0.759930] pcieport 0000:00:03.0: PME: Signaling with IRQ 32
[    0.761967] pcieport 0000:00:03.1: PME: Signaling with IRQ 33
[    0.764870] pcieport 0000:00:03.2: PME: Signaling with IRQ 34
[    0.769954] pcieport 0000:00:03.3: PME: Signaling with IRQ 35
[    0.773019] pcieport 0000:00:03.4: PME: Signaling with IRQ 36
[    0.775341] pcieport 0000:00:03.5: PME: Signaling with IRQ 37
[    0.776162] input: Power Button as /devices/LNXSYSTM:00/LNXPWRBN:00/input/input0
[    0.776814] ACPI: button: Power Button [PWRF]
[    0.777686] ACPI: \_SB_.GSIF: Enabled at IRQ 21
[    0.787303] Serial: 8250/16550 driver, 4 ports, IRQ sharing enabled
[    0.787903] 00:00: ttyS0 at I/O 0x3f8 (irq = 4, base_baud = 115200) is a 16550A
[    0.803786] Non-volatile memory driver v1.3
[    0.804221] Linux agpgart interface v0.103
[    0.804707] ACPI: bus type drm_connector registered
[    0.805316] [drm] Initialized vgem 1.0.0 20120112 for vgem on minor 0
[    0.805882] [drm] pci: virtio-vga detected at 0000:00:01.0
[    0.806260] virtio-pci 0000:00:01.0: vgaarb: deactivate vga console
[    0.810566] Console: switching to colour dummy device 80x25
[    0.810803] [drm] features: -virgl +edid -resource_blob -host_visible
[    0.810804] [drm] features: -context_init
[    0.811602] [drm] number of scanouts: 1
[    0.811612] [drm] number of cap sets: 0
[    0.812027] [drm] Initialized virtio_gpu 0.1.0 0 for 0000:00:01.0 on minor 1
[    0.813816] fbcon: virtio_gpudrmfb (fb0) is primary device
[    0.814579] Console: switching to colour frame buffer device 160x50
[    0.821315] virtio-pci 0000:00:01.0: [drm] fb0: virtio_gpudrmfb frame buffer device
[    0.824129] loop: module loaded
[    0.824820] virtio_blk virtio3: 4/0/0 default/read/poll queues
[    0.831995] virtio_blk virtio3: [vda] 104857600 512-byte logical blocks (53.7 GB/50.0 GiB)
[    0.837569]  vda: vda1 vda2 vda3 vda4
[    0.838519] ahci 0000:00:1f.2: version 3.0
[    0.838780] ACPI: \_SB_.GSIA: Enabled at IRQ 16
[    0.839698] ahci 0000:00:1f.2: AHCI vers 0001.0000, 32 command slots, 1.5 Gbps, SATA mode
[    0.839716] ahci 0000:00:1f.2: 6/6 ports implemented (port mask 0x3f)
[    0.839727] ahci 0000:00:1f.2: flags: 64bit ncq only 
[    0.841081] scsi host0: ahci
[    0.841684] scsi host1: ahci
[    0.842108] scsi host2: ahci
[    0.842620] scsi host3: ahci
[    0.843058] scsi host4: ahci
[    0.843534] scsi host5: ahci
[    0.844194] ata1: SATA max UDMA/133 abar m4096@0xfea23000 port 0xfea23100 irq 48 lpm-pol 0
[    0.844235] ata2: SATA max UDMA/133 abar m4096@0xfea23000 port 0xfea23180 irq 48 lpm-pol 0
[    0.844256] ata3: SATA max UDMA/133 abar m4096@0xfea23000 port 0xfea23200 irq 48 lpm-pol 0
[    0.844277] ata4: SATA max UDMA/133 abar m4096@0xfea23000 port 0xfea23280 irq 48 lpm-pol 0
[    0.844297] ata5: SATA max UDMA/133 abar m4096@0xfea23000 port 0xfea23300 irq 48 lpm-pol 0
[    0.844317] ata6: SATA max UDMA/133 abar m4096@0xfea23000 port 0xfea23380 irq 48 lpm-pol 0
[    0.847163] e100: Intel(R) PRO/100 Network Driver
[    0.847179] e100: Copyright(c) 1999-2006 Intel Corporation
[    0.847299] e1000: Intel(R) PRO/1000 Network Driver
[    0.847814] e1000: Copyright (c) 1999-2006 Intel Corporation.
[    0.848681] e1000e: Intel(R) PRO/1000 Network Driver
[    0.849241] e1000e: Copyright(c) 1999 - 2015 Intel Corporation.
[    0.850318] sky2: driver version 1.30
[    0.852572] xhci_hcd 0000:02:00.0: xHCI Host Controller
[    0.853522] xhci_hcd 0000:02:00.0: new USB bus registered, assigned bus number 1
[    0.854420] xhci_hcd 0000:02:00.0: hcc params 0x00087001 hci version 0x100 quirks 0x0000000000000010
[    0.855612] xhci_hcd 0000:02:00.0: xHCI Host Controller
[    0.856529] xhci_hcd 0000:02:00.0: new USB bus registered, assigned bus number 2
[    0.857625] xhci_hcd 0000:02:00.0: Host supports USB 3.0 SuperSpeed
[    0.858929] usb usb1: New USB device found, idVendor=1d6b, idProduct=0002, bcdDevice= 6.08
[    0.859238] usb usb1: New USB device strings: Mfr=3, Product=2, SerialNumber=1
[    0.859544] usb usb1: Product: xHCI Host Controller
[    0.859902] usb usb1: Manufacturer: Linux 6.8.0-rc5-next-20240223 xhci-hcd
[    0.860228] usb usb1: SerialNumber: 0000:02:00.0
[    0.862278] hub 1-0:1.0: USB hub found
[    0.863618] hub 1-0:1.0: 15 ports detected
[    0.866001] usb usb2: We don't know the algorithms for LPM for this host, disabling LPM.
[    0.867184] usb usb2: New USB device found, idVendor=1d6b, idProduct=0003, bcdDevice= 6.08
[    0.867667] usb usb2: New USB device strings: Mfr=3, Product=2, SerialNumber=1
[    0.868144] usb usb2: Product: xHCI Host Controller
[    0.868625] usb usb2: Manufacturer: Linux 6.8.0-rc5-next-20240223 xhci-hcd
[    0.869103] usb usb2: SerialNumber: 0000:02:00.0
[    0.870459] hub 2-0:1.0: USB hub found
[    0.872185] hub 2-0:1.0: 15 ports detected
[    0.874173] usbcore: registered new interface driver usblp
[    0.875240] usbcore: registered new interface driver usb-storage
[    0.875613] i8042: PNP: PS/2 Controller [PNP0303:KBD,PNP0f13:MOU] at 0x60,0x64 irq 1,12
[    0.878062] serio: i8042 KBD port at 0x60,0x64 irq 1
[    0.878458] serio: i8042 AUX port at 0x60,0x64 irq 12
[    0.879122] mousedev: PS/2 mouse device common for all mice
[    0.880241] rtc_cmos 00:03: RTC can wake from S4
[    0.883496] input: AT Translated Set 2 keyboard as /devices/platform/i8042/serio0/input/input1
[    0.884062] rtc_cmos 00:03: registered as rtc0
[    0.885676] rtc_cmos 00:03: alarms up to one day, y3k, 242 bytes nvram
[    0.887260] i801_smbus 0000:00:1f.3: SMBus using PCI interrupt
[    0.887980] i2c i2c-0: 1/1 memory slots populated (from DMI)
[    0.888113] device-mapper: ioctl: 4.48.0-ioctl (2023-03-01) initialised: dm-devel@lists.linux.dev
[    0.888503] i2c i2c-0: Memory type 0x07 not supported yet, not instantiating SPD
[    0.888811] intel_pstate: CPU model not supported
[    0.888829] hid: raw HID events driver (C) Jiri Kosina
[    0.888973] usbcore: registered new interface driver usbhid
[    0.890795] usbhid: USB HID core driver
[    0.895840] Initializing XFRM netlink socket
[    0.896427] NET: Registered PF_INET6 protocol family
[    0.898255] Segment Routing with IPv6
[    0.899666] In-situ OAM (IOAM) with IPv6
[    0.900680] snd_hda_intel 0000:00:1b.0: Cannot probe codecs, giving up
[    0.902077] sit: IPv6, IPv4 and MPLS over IPv4 tunneling driver
[    0.902872] NET: Registered PF_PACKET protocol family
[    0.903465] 9pnet: Installing 9P2000 support
[    0.904000] Key type dns_resolver registered
[    0.905825] IPI shorthand broadcast: enabled
[    0.909423] sched_clock: Marking stable (839001701, 70394850)->(1039993488, -130596937)
[    0.910582] registered taskstats version 1
[    0.910925] Loading compiled-in X.509 certificates
[    0.914111] PM:   Magic number: 12:519:829
[    0.915200] printk: legacy console [netcon0] enabled
[    0.915558] netconsole: network logging started
[    0.916702] cfg80211: Loading compiled-in X.509 certificates for regulatory database
[    0.918321] Loaded X.509 cert 'sforshee: 00b28ddf47aef9cea7'
[    0.918862] Loaded X.509 cert 'wens: 61c038651aabdcf94bd0ac7ff06c7248db18c600'
[    0.919196] ALSA device list:
[    0.919539]   No soundcards found.
[    0.920493] platform regulatory.0: Direct firmware load for regulatory.db failed with error -2
[    0.920835] cfg80211: failed to load regulatory.db
[    1.114500] usb 1-1: new high-speed USB device number 2 using xhci_hcd
[    1.151020] ata2: SATA link down (SStatus 0 SControl 300)
[    1.153969] ata1: SATA link up 1.5 Gbps (SStatus 113 SControl 300)
[    1.164197] ata4: SATA link down (SStatus 0 SControl 300)
[    1.166674] ata5: SATA link down (SStatus 0 SControl 300)
[    1.168841] ata1.00: ATAPI: QEMU DVD-ROM, 2.5+, max UDMA/100
[    1.171114] ata1.00: applying bridge limits
[    1.179071] ata6: SATA link down (SStatus 0 SControl 300)
[    1.183665] ata3: SATA link down (SStatus 0 SControl 300)
[    1.186127] ata1.00: configured for UDMA/100
[    1.189530] scsi 0:0:0:0: CD-ROM            QEMU     QEMU DVD-ROM     2.5+ PQ: 0 ANSI: 5
[    1.214390] sr 0:0:0:0: [sr0] scsi3-mmc drive: 4x/4x cd/rw xa/form2 tray
[    1.216455] cdrom: Uniform CD-ROM driver Revision: 3.20
[    1.229932] sr 0:0:0:0: Attached scsi CD-ROM sr0
[    1.230655] sr 0:0:0:0: Attached scsi generic sg0 type 5
[    1.249954] usb 1-1: New USB device found, idVendor=0627, idProduct=0001, bcdDevice= 0.00
[    1.250778] usb 1-1: New USB device strings: Mfr=1, Product=3, SerialNumber=10
[    1.251527] usb 1-1: Product: QEMU USB Tablet
[    1.252255] usb 1-1: Manufacturer: QEMU
[    1.253009] usb 1-1: SerialNumber: 28754-0000:00:02.1:00.0-1
[    1.258274] input: QEMU QEMU USB Tablet as /devices/pci0000:00/0000:00:02.1/0000:02:00.0/usb1/1-1/1-1:1.0/0003:0627:0001.0001/input/input4
[    1.260292] hid-generic 0003:0627:0001.0001: input,hidraw0: USB HID v0.01 Mouse [QEMU QEMU USB Tablet] on usb-0000:02:00.0-1/input0
[    1.520778] input: ImExPS/2 Generic Explorer Mouse as /devices/platform/i8042/serio1/input/input3
[    1.525326] md: Waiting for all devices to be available before autodetect
[    1.526692] md: If you don't use raid, use raid=noautodetect
[    1.529246] md: Autodetecting RAID arrays.
[    1.531867] md: autorun ...
[    1.533137] md: ... autorun DONE.
[    1.544914] EXT4-fs (vda4): mounted filesystem dd0da9ff-bcfa-4bd0-ae94-82cb1a0c2e23 ro with ordered data mode. Quota mode: none.
[    1.547613] VFS: Mounted root (ext4 filesystem) readonly on device 253:4.
[    1.554251] devtmpfs: mounted
[    1.557144] Freeing unused kernel image (initmem) memory: 2848K
[    1.560633] Write protecting the kernel read-only data: 28672k
[    1.565653] Freeing unused kernel image (rodata/data gap) memory: 584K
[    1.641481] x86/mm: Checked W+X mappings: passed, no W+X pages found.
[    1.641897] x86/mm: Checking user space page tables
[    1.685545] x86/mm: Checked W+X mappings: passed, no W+X pages found.
[    1.686400] Run /sbin/init as init process
[    1.686693]   with arguments:
[    1.686694]     /sbin/init
[    1.686695]   with environment:
[    1.686696]     HOME=/
[    1.686697]     TERM=linux
[    1.686697]     BOOT_IMAGE=/vmlinuz-next-20240223
[    1.858943] udevd[226]: Starting systemd-udevd version 254
[    1.862039] udevd[227]: Using default interface naming scheme 'v253'.
[    3.112092] Adding 1952764k swap on /dev/vda2.  Priority:1 extents:1 across:1952764k 
[    3.142502] EXT4-fs (vda4): re-mounted dd0da9ff-bcfa-4bd0-ae94-82cb1a0c2e23 ro. Quota mode: none.
[    3.237331] EXT4-fs (vda4): re-mounted dd0da9ff-bcfa-4bd0-ae94-82cb1a0c2e23 r/w. Quota mode: none.
[    3.258372] EXT4-fs (vda1): mounted filesystem 6df6a8a2-a258-4d42-88f4-b6f64a6c9fb5 r/w with ordered data mode. Quota mode: none.
